[2025-12-04 12:45:54] Log file created: /home/operation/reps/FEM-Graph-Partitioning-Toolkit-Multilevel-METIS-/results/sweeps/sweep_20251204_124554.log
[2025-12-04 12:45:54] Loading matrix...
[2025-12-04 12:45:54] Loaded: K | shape=(960, 960), nnz=30282
[2025-12-04 12:45:54] Graph: |V|=960, |E|=14661
================================================================================
[2025-12-04 12:45:54] Starting parameter sweep: 1200 configs × 3 trials = 3600 total runs
[2025-12-04 12:45:54] Sweep ID: 20251204_124554
[2025-12-04 12:45:54] Output directory: /home/operation/reps/FEM-Graph-Partitioning-Toolkit-Multilevel-METIS-/results/sweeps
[2025-12-04 12:45:54] Target partitions: 32
================================================================================
[2025-12-04 12:45:54] 
Parameter grid:
  coarsen_limit: [200, 300, 400, 500, 600, 700, 800, 900]
  balance_weight: [0.1, 0.3, 0.5, 0.7, 0.9, 1.1, 1.3, 1.5, 1.7, 1.9, 2.1, 2.3, 2.5, 2.7, 2.9]
  num_reads: [50, 100, 150, 200, 250, 300, 350, 400, 450, 500]
[2025-12-04 12:45:54] 

================================================================================
[2025-12-04 12:45:54] [1/1200] Testing configuration:
  k_target: 32
  coarsen_limit: 200
  balance_weight: 0.1
  num_reads: 50
================================================================================
[2025-12-04 12:45:55]   Trial 1/3: ✓ cut=38931.91, balance=0.9089, time=0.49s
[2025-12-04 12:45:55]   Trial 2/3: ✓ cut=38606.87, balance=0.9218, time=0.50s
[2025-12-04 12:45:56]   Trial 3/3: ✓ cut=38657.27, balance=0.8934, time=0.48s
[2025-12-04 12:45:56] 
  Running METIS baseline...
[2025-12-04 12:45:56]   METIS baseline: cut=32314.17, balance=0.6074, time=0.07s
[2025-12-04 12:45:56]   METIS weights: min=800.76, max=1318.27, avg=1085.35, std=98.47
[2025-12-04 12:45:56]   → Quantum vs METIS: cut improvement = -19.86%
[2025-12-04 12:45:56] 
  → Aggregate: cut=38732.01±142.84, balance=0.9080, time=0.49±0.01s

================================================================================
[2025-12-04 12:45:56] [2/1200] Testing configuration:
  k_target: 32
  coarsen_limit: 200
  balance_weight: 0.1
  num_reads: 100
================================================================================
[2025-12-04 12:45:57]   Trial 1/3: ✓ cut=37833.89, balance=0.9315, time=0.79s
[2025-12-04 12:45:57]   Trial 2/3: ✓ cut=38333.21, balance=0.8788, time=0.77s
[2025-12-04 12:45:58]   Trial 3/3: ✓ cut=39029.77, balance=0.9280, time=0.78s
[2025-12-04 12:45:58] 
  Running METIS baseline...
[2025-12-04 12:45:58]   METIS baseline: cut=32314.17, balance=0.6074, time=0.05s
[2025-12-04 12:45:58]   METIS weights: min=800.76, max=1318.27, avg=1085.35, std=98.47
[2025-12-04 12:45:58]   → Quantum vs METIS: cut improvement = -18.83%
[2025-12-04 12:45:58] 
  → Aggregate: cut=38398.96±490.43, balance=0.9127, time=0.78±0.01s

================================================================================
[2025-12-04 12:45:58] [3/1200] Testing configuration:
  k_target: 32
  coarsen_limit: 200
  balance_weight: 0.1
  num_reads: 150
================================================================================
[2025-12-04 12:45:59]   Trial 1/3: ✓ cut=38508.27, balance=0.9358, time=1.10s
[2025-12-04 12:46:00]   Trial 2/3: ✓ cut=37769.15, balance=0.9361, time=1.10s
[2025-12-04 12:46:02]   Trial 3/3: ✓ cut=38809.89, balance=0.9302, time=1.17s
[2025-12-04 12:46:02] 
  Running METIS baseline...
[2025-12-04 12:46:02]   METIS baseline: cut=32314.17, balance=0.6074, time=0.06s
[2025-12-04 12:46:02]   METIS weights: min=800.76, max=1318.27, avg=1085.35, std=98.47
[2025-12-04 12:46:02]   → Quantum vs METIS: cut improvement = -18.72%
[2025-12-04 12:46:02] 
  → Aggregate: cut=38362.44±437.21, balance=0.9340, time=1.12±0.04s

================================================================================
[2025-12-04 12:46:02] [4/1200] Testing configuration:
  k_target: 32
  coarsen_limit: 200
  balance_weight: 0.1
  num_reads: 200
================================================================================
[2025-12-04 12:46:03]   Trial 1/3: ✓ cut=38492.88, balance=0.9138, time=1.49s
[2025-12-04 12:46:05]   Trial 2/3: ✓ cut=37893.91, balance=0.9329, time=1.64s
[2025-12-04 12:46:06]   Trial 3/3: ✓ cut=38519.87, balance=0.9256, time=1.53s
[2025-12-04 12:46:06] 
  Running METIS baseline...
[2025-12-04 12:46:06]   METIS baseline: cut=32314.17, balance=0.6074, time=0.05s
[2025-12-04 12:46:06]   METIS weights: min=800.76, max=1318.27, avg=1085.35, std=98.47
[2025-12-04 12:46:06]   → Quantum vs METIS: cut improvement = -18.53%
[2025-12-04 12:46:06] 
  → Aggregate: cut=38302.22±288.93, balance=0.9241, time=1.55±0.06s

================================================================================
[2025-12-04 12:46:06] [5/1200] Testing configuration:
  k_target: 32
  coarsen_limit: 200
  balance_weight: 0.1
  num_reads: 250
================================================================================
[2025-12-04 12:46:08]   Trial 1/3: ✓ cut=38017.96, balance=0.9119, time=1.84s
[2025-12-04 12:46:10]   Trial 2/3: ✓ cut=37974.87, balance=0.9224, time=1.79s
[2025-12-04 12:46:12]   Trial 3/3: ✓ cut=37997.11, balance=0.9100, time=1.81s
[2025-12-04 12:46:12] 
  Running METIS baseline...
[2025-12-04 12:46:12]   METIS baseline: cut=32314.17, balance=0.6074, time=0.05s
[2025-12-04 12:46:12]   METIS weights: min=800.76, max=1318.27, avg=1085.35, std=98.47
[2025-12-04 12:46:12]   → Quantum vs METIS: cut improvement = -17.59%
[2025-12-04 12:46:12] 
  → Aggregate: cut=37996.65±17.59, balance=0.9148, time=1.81±0.02s

================================================================================
[2025-12-04 12:46:12] [6/1200] Testing configuration:
  k_target: 32
  coarsen_limit: 200
  balance_weight: 0.1
  num_reads: 300
================================================================================
[2025-12-04 12:46:14]   Trial 1/3: ✓ cut=37601.71, balance=0.9250, time=2.10s
[2025-12-04 12:46:16]   Trial 2/3: ✓ cut=37473.71, balance=0.9066, time=2.10s
[2025-12-04 12:46:18]   Trial 3/3: ✓ cut=38260.07, balance=0.9227, time=2.06s
[2025-12-04 12:46:18] 
  Running METIS baseline...
[2025-12-04 12:46:18]   METIS baseline: cut=32314.17, balance=0.6074, time=0.05s
[2025-12-04 12:46:18]   METIS weights: min=800.76, max=1318.27, avg=1085.35, std=98.47
[2025-12-04 12:46:18]   → Quantum vs METIS: cut improvement = -16.91%
[2025-12-04 12:46:18] 
  → Aggregate: cut=37778.49±344.51, balance=0.9181, time=2.09±0.02s

================================================================================
[2025-12-04 12:46:18] [7/1200] Testing configuration:
  k_target: 32
  coarsen_limit: 200
  balance_weight: 0.1
  num_reads: 350
================================================================================
[2025-12-04 12:46:21]   Trial 1/3: ✓ cut=37741.27, balance=0.9391, time=2.40s
[2025-12-04 12:46:23]   Trial 2/3: ✓ cut=38012.90, balance=0.9004, time=2.39s
[2025-12-04 12:46:25]   Trial 3/3: ✓ cut=37263.34, balance=0.9251, time=2.43s
[2025-12-04 12:46:25] 
  Running METIS baseline...
[2025-12-04 12:46:26]   METIS baseline: cut=32314.17, balance=0.6074, time=0.05s
[2025-12-04 12:46:26]   METIS weights: min=800.76, max=1318.27, avg=1085.35, std=98.47
[2025-12-04 12:46:26]   → Quantum vs METIS: cut improvement = -16.58%
[2025-12-04 12:46:26] 
  → Aggregate: cut=37672.50±309.85, balance=0.9215, time=2.40±0.02s

================================================================================
[2025-12-04 12:46:26] [8/1200] Testing configuration:
  k_target: 32
  coarsen_limit: 200
  balance_weight: 0.1
  num_reads: 400
================================================================================
[2025-12-04 12:46:28]   Trial 1/3: ✓ cut=38304.72, balance=0.9143, time=2.71s
