[2025-12-02 16:13:01] Log file created: /home/operation/reps/FEM-Graph-Partitioning-Toolkit-Multilevel-METIS-/results/sweeps/sweep_20251202_161301.log
[2025-12-02 16:13:01] Loading matrix...
[2025-12-02 16:13:01] Loaded: K | shape=(960, 960), nnz=30282
[2025-12-02 16:13:01] Graph: |V|=960, |E|=14661
================================================================================
[2025-12-02 16:13:01] Starting parameter sweep: 28800 configs × 3 trials = 86400 total runs
[2025-12-02 16:13:01] Sweep ID: 20251202_161301
[2025-12-02 16:13:01] Output directory: /home/operation/reps/FEM-Graph-Partitioning-Toolkit-Multilevel-METIS-/results/sweeps
================================================================================
[2025-12-02 16:13:01] 
Parameter grid:
  coarsen_limit: [50, 80, 110, 140, 170, 200]
  balance_weight: [0.1, 0.3, 0.5, 0.7, 0.9, 1.1, 1.3, 1.5, 1.7, 1.9, 2.1, 2.3, 2.5, 2.7, 2.9]
  num_reads: [50, 100, 150, 200, 250, 300, 350, 400, 450, 500]
  k_target: [2, 4, 6, 8, 10, 12, 14, 16, 18, 20, 22, 24, 26, 28, 30, 32, 34, 36, 38, 40, 42, 44, 46, 48, 50, 52, 54, 56, 58, 60, 62, 64]
[2025-12-02 16:13:01] 

================================================================================
[2025-12-02 16:13:01] [1/28800] Testing configuration:
  k_target: 2
  coarsen_limit: 50
  balance_weight: 0.1
  num_reads: 50
================================================================================
[2025-12-02 16:13:01]   Trial 1/3: ✓ cut=12412.19, balance=0.9999, time=0.06s
[2025-12-02 16:13:01]   Trial 2/3: ✓ cut=12856.87, balance=0.9993, time=0.06s
[2025-12-02 16:13:01]   Trial 3/3: ✓ cut=12915.37, balance=0.9950, time=0.08s
[2025-12-02 16:13:01] 
  Running METIS baseline...
[2025-12-02 16:13:01]   METIS baseline: cut=5515.36, balance=0.9572, time=0.06s
[2025-12-02 16:13:01]   METIS weights: min=16455.16, max=17190.71, avg=16822.93, std=367.77
[2025-12-02 16:13:01]   → Quantum vs METIS: cut improvement = -130.78%
[2025-12-02 16:13:01] 
  → Aggregate: cut=12728.14±224.68, balance=0.9981, time=0.07±0.01s

================================================================================
[2025-12-02 16:13:01] [2/28800] Testing configuration:
  k_target: 4
  coarsen_limit: 50
  balance_weight: 0.1
  num_reads: 50
================================================================================
[2025-12-02 16:13:01]   Trial 1/3: ✓ cut=19652.90, balance=0.9931, time=0.07s
[2025-12-02 16:13:01]   Trial 2/3: ✓ cut=20952.52, balance=0.9866, time=0.08s
[2025-12-02 16:13:01]   Trial 3/3: ✓ cut=21048.37, balance=0.9947, time=0.07s
[2025-12-02 16:13:01] 
  Running METIS baseline...
[2025-12-02 16:13:02]   METIS baseline: cut=10474.31, balance=0.8900, time=0.05s
[2025-12-02 16:13:02]   METIS weights: min=8037.00, max=9030.07, avg=8411.47, std=382.71
[2025-12-02 16:13:02]   → Quantum vs METIS: cut improvement = -96.21%
[2025-12-02 16:13:02] 
  → Aggregate: cut=20551.26±636.44, balance=0.9915, time=0.07±0.00s

================================================================================
[2025-12-02 16:13:02] [3/28800] Testing configuration:
  k_target: 6
  coarsen_limit: 50
  balance_weight: 0.1
  num_reads: 50
================================================================================
[2025-12-02 16:13:02]   Trial 1/3: ✓ cut=23300.72, balance=0.4979, time=0.09s
[2025-12-02 16:13:02]   Trial 2/3: ✓ cut=20618.29, balance=0.5007, time=0.09s
[2025-12-02 16:13:02]   Trial 3/3: ✓ cut=21585.56, balance=0.4973, time=0.09s
[2025-12-02 16:13:02] 
  Running METIS baseline...
[2025-12-02 16:13:02]   METIS baseline: cut=14607.35, balance=0.6860, time=0.05s
[2025-12-02 16:13:02]   METIS weights: min=4941.39, max=7202.72, avg=5607.64, std=780.70
[2025-12-02 16:13:02]   → Quantum vs METIS: cut improvement = -49.48%
[2025-12-02 16:13:02] 
  → Aggregate: cut=21834.86±1109.20, balance=0.4986, time=0.09±0.00s

================================================================================
[2025-12-02 16:13:02] [4/28800] Testing configuration:
  k_target: 8
  coarsen_limit: 50
  balance_weight: 0.1
  num_reads: 50
================================================================================
[2025-12-02 16:13:02]   Trial 1/3: ✓ cut=26083.66, balance=0.9792, time=0.10s
[2025-12-02 16:13:02]   Trial 2/3: ✓ cut=24061.17, balance=0.9581, time=0.10s
[2025-12-02 16:13:02]   Trial 3/3: ✓ cut=23947.81, balance=0.9807, time=0.10s
[2025-12-02 16:13:02] 
  Running METIS baseline...
[2025-12-02 16:13:02]   METIS baseline: cut=17547.68, balance=0.6854, time=0.05s
[2025-12-02 16:13:02]   METIS weights: min=3423.48, max=4994.68, avg=4205.73, std=479.19
[2025-12-02 16:13:02]   → Quantum vs METIS: cut improvement = -40.75%
[2025-12-02 16:13:02] 
  → Aggregate: cut=24697.55±981.22, balance=0.9727, time=0.10±0.00s

================================================================================
[2025-12-02 16:13:02] [5/28800] Testing configuration:
  k_target: 10
  coarsen_limit: 50
  balance_weight: 0.1
  num_reads: 50
================================================================================
[2025-12-02 16:13:02]   Trial 1/3: ✓ cut=26347.04, balance=0.4907, time=0.10s
[2025-12-02 16:13:03]   Trial 2/3: ✓ cut=26121.71, balance=0.4719, time=0.17s
[2025-12-02 16:13:03]   Trial 3/3: ✓ cut=25836.45, balance=0.4897, time=0.10s
[2025-12-02 16:13:03] 
  Running METIS baseline...
[2025-12-02 16:13:03]   METIS baseline: cut=19241.81, balance=0.7496, time=0.05s
[2025-12-02 16:13:03]   METIS weights: min=2923.86, max=3900.52, avg=3364.59, std=327.57
[2025-12-02 16:13:03]   → Quantum vs METIS: cut improvement = -35.65%
[2025-12-02 16:13:03] 
  → Aggregate: cut=26101.73±208.92, balance=0.4841, time=0.12±0.03s

================================================================================
[2025-12-02 16:13:03] [6/28800] Testing configuration:
  k_target: 12
  coarsen_limit: 50
  balance_weight: 0.1
  num_reads: 50
================================================================================
[2025-12-02 16:13:03]   Trial 1/3: ✓ cut=27701.59, balance=0.4217, time=0.10s
[2025-12-02 16:13:03]   Trial 2/3: ✓ cut=26257.95, balance=0.4265, time=0.10s
[2025-12-02 16:13:03]   Trial 3/3: ✓ cut=26175.22, balance=0.4428, time=0.10s
[2025-12-02 16:13:03] 
  Running METIS baseline...
[2025-12-02 16:13:03]   METIS baseline: cut=22395.73, balance=0.6314, time=0.05s
[2025-12-02 16:13:03]   METIS weights: min=2265.41, max=3588.09, avg=2803.82, std=333.78
[2025-12-02 16:13:03]   → Quantum vs METIS: cut improvement = -19.27%
[2025-12-02 16:13:03] 
  → Aggregate: cut=26711.59±700.86, balance=0.4303, time=0.10±0.00s

================================================================================
[2025-12-02 16:13:03] [7/28800] Testing configuration:
  k_target: 14
  coarsen_limit: 50
  balance_weight: 0.1
  num_reads: 50
================================================================================
[2025-12-02 16:13:03]   Trial 1/3: ✓ cut=29534.07, balance=0.3985, time=0.11s
[2025-12-02 16:13:03]   Trial 2/3: ✓ cut=28493.96, balance=0.4411, time=0.11s
[2025-12-02 16:13:03]   Trial 3/3: ✓ cut=27991.39, balance=0.4406, time=0.10s
[2025-12-02 16:13:03] 
  Running METIS baseline...
[2025-12-02 16:13:03]   METIS baseline: cut=24439.34, balance=0.0000, time=0.05s
[2025-12-02 16:13:03]   METIS weights: min=0.00, max=0.00, avg=0.00, std=0.00
[2025-12-02 16:13:03]   → Quantum vs METIS: cut improvement = -17.32%
[2025-12-02 16:13:03] 
  → Aggregate: cut=28673.14±642.41, balance=0.4267, time=0.11±0.00s

================================================================================
[2025-12-02 16:13:04] [8/28800] Testing configuration:
  k_target: 16
  coarsen_limit: 50
  balance_weight: 0.1
  num_reads: 50
================================================================================
[2025-12-02 16:13:04]   Trial 1/3: ✓ cut=29454.50, balance=0.8855, time=0.11s
[2025-12-02 16:13:04]   Trial 2/3: ✓ cut=30716.41, balance=0.7029, time=0.11s
[2025-12-02 16:13:04]   Trial 3/3: ✓ cut=29843.71, balance=0.5519, time=0.11s
[2025-12-02 16:13:04] 
  Running METIS baseline...
[2025-12-02 16:13:04]   METIS baseline: cut=25993.28, balance=0.0000, time=0.05s
[2025-12-02 16:13:04]   METIS weights: min=0.00, max=0.00, avg=0.00, std=0.00
[2025-12-02 16:13:04]   → Quantum vs METIS: cut improvement = -15.43%
[2025-12-02 16:13:04] 
  → Aggregate: cut=30004.87±527.62, balance=0.7134, time=0.11±0.00s

================================================================================
[2025-12-02 16:13:04] [9/28800] Testing configuration:
  k_target: 18
  coarsen_limit: 50
  balance_weight: 0.1
  num_reads: 50
================================================================================
[2025-12-02 16:13:04]   Trial 1/3: ✓ cut=29720.05, balance=0.2945, time=0.12s
[2025-12-02 16:13:04]   Trial 2/3: ✓ cut=30511.76, balance=0.3343, time=0.12s
[2025-12-02 16:13:04]   Trial 3/3: ✓ cut=30712.99, balance=0.2847, time=0.12s
[2025-12-02 16:13:04] 
  Running METIS baseline...
[2025-12-02 16:13:04]   METIS baseline: cut=27224.34, balance=0.0000, time=0.05s
[2025-12-02 16:13:04]   METIS weights: min=0.00, max=0.00, avg=0.00, std=0.00
[2025-12-02 16:13:04]   → Quantum vs METIS: cut improvement = -11.35%
[2025-12-02 16:13:04] 
  → Aggregate: cut=30314.93±428.60, balance=0.3045, time=0.12±0.00s

================================================================================
[2025-12-02 16:13:04] [10/28800] Testing configuration:
  k_target: 20
  coarsen_limit: 50
  balance_weight: 0.1
  num_reads: 50
================================================================================
[2025-12-02 16:13:04]   Trial 1/3: ✓ cut=30423.73, balance=0.2638, time=0.12s
[2025-12-02 16:13:05]   Trial 2/3: ✓ cut=30564.72, balance=0.2728, time=0.12s
[2025-12-02 16:13:05]   Trial 3/3: ✓ cut=31830.21, balance=0.2381, time=0.21s
[2025-12-02 16:13:05] 
  Running METIS baseline...
[2025-12-02 16:13:05]   METIS baseline: cut=26455.85, balance=0.0000, time=0.05s
[2025-12-02 16:13:05]   METIS weights: min=0.00, max=0.00, avg=0.00, std=0.00
[2025-12-02 16:13:05]   → Quantum vs METIS: cut improvement = -16.95%
[2025-12-02 16:13:05] 
  → Aggregate: cut=30939.55±632.42, balance=0.2582, time=0.15±0.04s

================================================================================
[2025-12-02 16:13:05] [11/28800] Testing configuration:
  k_target: 22
  coarsen_limit: 50
  balance_weight: 0.1
  num_reads: 50
================================================================================
[2025-12-02 16:13:05]   Trial 1/3: ✓ cut=31281.88, balance=0.2513, time=0.12s
[2025-12-02 16:13:05]   Trial 2/3: ✓ cut=31619.24, balance=0.2785, time=0.13s
[2025-12-02 16:13:05]   Trial 3/3: ✓ cut=30377.01, balance=0.2843, time=0.12s
[2025-12-02 16:13:05] 
  Running METIS baseline...
[2025-12-02 16:13:05]   METIS baseline: cut=25924.35, balance=0.0000, time=0.05s
[2025-12-02 16:13:05]   METIS weights: min=0.00, max=0.00, avg=0.00, std=0.00
[2025-12-02 16:13:05]   → Quantum vs METIS: cut improvement = -19.94%
[2025-12-02 16:13:05] 
  → Aggregate: cut=31092.71±524.48, balance=0.2713, time=0.12±0.00s

================================================================================
[2025-12-02 16:13:05] [12/28800] Testing configuration:
  k_target: 24
  coarsen_limit: 50
  balance_weight: 0.1
  num_reads: 50
================================================================================
[2025-12-02 16:13:05]   Trial 1/3: ✓ cut=32400.87, balance=0.3735, time=0.12s
[2025-12-02 16:13:06]   Trial 2/3: ✓ cut=32488.78, balance=0.2338, time=0.12s
[2025-12-02 16:13:06]   Trial 3/3: ✓ cut=31173.23, balance=0.2364, time=0.12s
[2025-12-02 16:13:06] 
  Running METIS baseline...
[2025-12-02 16:13:06]   METIS baseline: cut=25311.39, balance=0.0000, time=0.05s
[2025-12-02 16:13:06]   METIS weights: min=0.00, max=0.00, avg=0.00, std=0.00
[2025-12-02 16:13:06]   → Quantum vs METIS: cut improvement = -26.51%
[2025-12-02 16:13:06] 
  → Aggregate: cut=32020.96±600.51, balance=0.2812, time=0.12±0.00s

================================================================================
[2025-12-02 16:13:06] [13/28800] Testing configuration:
  k_target: 26
  coarsen_limit: 50
  balance_weight: 0.1
  num_reads: 50
================================================================================
[2025-12-02 16:13:06]   Trial 1/3: ✓ cut=31857.12, balance=0.2363, time=0.13s
[2025-12-02 16:13:06]   Trial 2/3: ✓ cut=31879.11, balance=0.2358, time=0.13s
[2025-12-02 16:13:06]   Trial 3/3: ✓ cut=32611.26, balance=0.3221, time=0.13s
[2025-12-02 16:13:06] 
  Running METIS baseline...
[2025-12-02 16:13:06]   METIS baseline: cut=21512.23, balance=0.0000, time=0.05s
[2025-12-02 16:13:06]   METIS weights: min=0.00, max=0.00, avg=0.00, std=0.00
[2025-12-02 16:13:06]   → Quantum vs METIS: cut improvement = -49.29%
[2025-12-02 16:13:06] 
  → Aggregate: cut=32115.83±350.44, balance=0.2648, time=0.13±0.00s

================================================================================
[2025-12-02 16:13:06] [14/28800] Testing configuration:
  k_target: 28
  coarsen_limit: 50
  balance_weight: 0.1
  num_reads: 50
================================================================================
[2025-12-02 16:13:06]   Trial 1/3: ✓ cut=32765.38, balance=0.2173, time=0.13s
[2025-12-02 16:13:07]   Trial 2/3: ✓ cut=32357.44, balance=0.1808, time=0.13s
[2025-12-02 16:13:07]   Trial 3/3: ✓ cut=32274.66, balance=0.2390, time=0.13s
[2025-12-02 16:13:07] 
  Running METIS baseline...
[2025-12-02 16:13:07]   METIS baseline: cut=21850.98, balance=0.0000, time=0.05s
[2025-12-02 16:13:07]   METIS weights: min=0.00, max=0.00, avg=0.00, std=0.00
[2025-12-02 16:13:07]   → Quantum vs METIS: cut improvement = -48.58%
[2025-12-02 16:13:07] 
  → Aggregate: cut=32465.83±214.50, balance=0.2124, time=0.13±0.00s

================================================================================
[2025-12-02 16:13:07] [15/28800] Testing configuration:
  k_target: 30
  coarsen_limit: 50
  balance_weight: 0.1
  num_reads: 50
================================================================================
[2025-12-02 16:13:07]   Trial 1/3: ✓ cut=32388.43, balance=0.2412, time=0.13s
[2025-12-02 16:13:07]   Trial 2/3: ✓ cut=32806.07, balance=0.2031, time=0.14s
[2025-12-02 16:13:07]   Trial 3/3: ✓ cut=32921.02, balance=0.1971, time=0.13s
[2025-12-02 16:13:07] 
  Running METIS baseline...
[2025-12-02 16:13:07]   METIS baseline: cut=19696.47, balance=0.0000, time=0.14s
[2025-12-02 16:13:07]   METIS weights: min=0.00, max=0.00, avg=0.00, std=0.00
[2025-12-02 16:13:07]   → Quantum vs METIS: cut improvement = -66.05%
[2025-12-02 16:13:07] 
  → Aggregate: cut=32705.17±228.84, balance=0.2138, time=0.13±0.01s

================================================================================
[2025-12-02 16:13:07] [16/28800] Testing configuration:
  k_target: 32
  coarsen_limit: 50
  balance_weight: 0.1
  num_reads: 50
================================================================================
[2025-12-02 16:13:07]   Trial 1/3: ✓ cut=32577.98, balance=0.0000, time=0.14s
[2025-12-02 16:13:08]   Trial 2/3: ✓ cut=32985.99, balance=0.0000, time=0.14s
[2025-12-02 16:13:08]   Trial 3/3: ✓ cut=32969.11, balance=0.0936, time=0.14s
[2025-12-02 16:13:08] 
  Running METIS baseline...
[2025-12-02 16:13:08]   METIS baseline: cut=15531.69, balance=0.0000, time=0.05s
[2025-12-02 16:13:08]   METIS weights: min=0.00, max=0.00, avg=0.00, std=0.00
[2025-12-02 16:13:08]   → Quantum vs METIS: cut improvement = -111.47%
[2025-12-02 16:13:08] 
  → Aggregate: cut=32844.36±188.48, balance=0.0312, time=0.14±0.00s

================================================================================
[2025-12-02 16:13:08] [17/28800] Testing configuration:
  k_target: 34
  coarsen_limit: 50
  balance_weight: 0.1
  num_reads: 50
================================================================================
[2025-12-02 16:13:08]   Trial 1/3: ✓ cut=32748.38, balance=0.0000, time=0.14s
[2025-12-02 16:13:08]   Trial 2/3: ✓ cut=32920.28, balance=0.0000, time=0.14s
[2025-12-02 16:13:08]   Trial 3/3: ✓ cut=32546.36, balance=0.0000, time=0.14s
[2025-12-02 16:13:08] 
  Running METIS baseline...
[2025-12-02 16:13:08]   METIS baseline: cut=15076.39, balance=0.0000, time=0.05s
[2025-12-02 16:13:08]   METIS weights: min=0.00, max=0.00, avg=0.00, std=0.00
[2025-12-02 16:13:08]   → Quantum vs METIS: cut improvement = -117.15%
[2025-12-02 16:13:08] 
  → Aggregate: cut=32738.34±152.81, balance=0.0000, time=0.14±0.00s

================================================================================
[2025-12-02 16:13:08] [18/28800] Testing configuration:
  k_target: 36
  coarsen_limit: 50
  balance_weight: 0.1
  num_reads: 50
================================================================================
[2025-12-02 16:13:08]   Trial 1/3: ✓ cut=33010.33, balance=0.0000, time=0.15s
[2025-12-02 16:13:09]   Trial 2/3: ✓ cut=32748.38, balance=0.0000, time=0.14s
[2025-12-02 16:13:09]   Trial 3/3: ✓ cut=33010.33, balance=0.0000, time=0.13s
[2025-12-02 16:13:09] 
  Running METIS baseline...
[2025-12-02 16:13:09]   METIS baseline: cut=17141.12, balance=0.0000, time=0.05s
[2025-12-02 16:13:09]   METIS weights: min=0.00, max=0.00, avg=0.00, std=0.00
[2025-12-02 16:13:09]   → Quantum vs METIS: cut improvement = -92.07%
[2025-12-02 16:13:09] 
  → Aggregate: cut=32923.01±123.48, balance=0.0000, time=0.14±0.01s

================================================================================
[2025-12-02 16:13:09] [19/28800] Testing configuration:
  k_target: 38
  coarsen_limit: 50
  balance_weight: 0.1
  num_reads: 50
================================================================================
[2025-12-02 16:13:09]   Trial 1/3: ✓ cut=32917.57, balance=0.0000, time=0.15s
[2025-12-02 16:13:09]   Trial 2/3: ✓ cut=32969.11, balance=0.0000, time=0.14s
[2025-12-02 16:13:09]   Trial 3/3: ✓ cut=32794.92, balance=0.0000, time=0.16s
[2025-12-02 16:13:09] 
  Running METIS baseline...
[2025-12-02 16:13:09]   METIS baseline: cut=17141.12, balance=0.0000, time=0.05s
[2025-12-02 16:13:09]   METIS weights: min=0.00, max=0.00, avg=0.00, std=0.00
[2025-12-02 16:13:09]   → Quantum vs METIS: cut improvement = -91.90%
[2025-12-02 16:13:09] 
  → Aggregate: cut=32893.87±73.06, balance=0.0000, time=0.15±0.00s

================================================================================
[2025-12-02 16:13:09] [20/28800] Testing configuration:
  k_target: 40
  coarsen_limit: 50
  balance_weight: 0.1
  num_reads: 50
================================================================================
[2025-12-02 16:13:10]   Trial 1/3: ✓ cut=33005.72, balance=0.0000, time=0.16s
[2025-12-02 16:13:10]   Trial 2/3: ✓ cut=32974.04, balance=0.0000, time=0.15s
[2025-12-02 16:13:10]   Trial 3/3: ✓ cut=32364.84, balance=0.0000, time=0.24s
[2025-12-02 16:13:10] 
  Running METIS baseline...
[2025-12-02 16:13:10]   METIS baseline: cut=6733.38, balance=0.0000, time=0.06s
[2025-12-02 16:13:10]   METIS weights: min=0.00, max=0.00, avg=0.00, std=0.00
[2025-12-02 16:13:10]   → Quantum vs METIS: cut improvement = -386.85%
[2025-12-02 16:13:10] 
  → Aggregate: cut=32781.53±294.93, balance=0.0000, time=0.18±0.04s

================================================================================
[2025-12-02 16:13:10] [21/28800] Testing configuration:
  k_target: 42
  coarsen_limit: 50
  balance_weight: 0.1
  num_reads: 50
================================================================================
[2025-12-02 16:13:10]   Trial 1/3: ✓ cut=32728.43, balance=0.0000, time=0.16s
[2025-12-02 16:13:10]   Trial 2/3: ✓ cut=32954.10, balance=0.0000, time=0.15s
[2025-12-02 16:13:10]   Trial 3/3: ✓ cut=33005.72, balance=0.0000, time=0.15s
[2025-12-02 16:13:10] 
  Running METIS baseline...
[2025-12-02 16:13:11]   METIS baseline: cut=6733.38, balance=0.0000, time=0.05s
[2025-12-02 16:13:11]   METIS weights: min=0.00, max=0.00, avg=0.00, std=0.00
[2025-12-02 16:13:11]   → Quantum vs METIS: cut improvement = -388.55%
[2025-12-02 16:13:11] 
  → Aggregate: cut=32896.08±120.41, balance=0.0000, time=0.15±0.00s

================================================================================
[2025-12-02 16:13:11] [22/28800] Testing configuration:
  k_target: 44
  coarsen_limit: 50
  balance_weight: 0.1
  num_reads: 50
================================================================================
[2025-12-02 16:13:11]   Trial 1/3: ✓ cut=33010.33, balance=0.0000, time=0.14s
[2025-12-02 16:13:11]   Trial 2/3: ✓ cut=32478.04, balance=0.0000, time=0.14s
[2025-12-02 16:13:11]   Trial 3/3: ✓ cut=33010.33, balance=0.0000, time=0.16s
[2025-12-02 16:13:11] 
  Running METIS baseline...
[2025-12-02 16:13:11]   METIS baseline: cut=6733.38, balance=0.0000, time=0.05s
[2025-12-02 16:13:11]   METIS weights: min=0.00, max=0.00, avg=0.00, std=0.00
[2025-12-02 16:13:11]   → Quantum vs METIS: cut improvement = -387.61%
[2025-12-02 16:13:11] 
  → Aggregate: cut=32832.90±250.92, balance=0.0000, time=0.15±0.01s

================================================================================
[2025-12-02 16:13:11] [23/28800] Testing configuration:
  k_target: 46
  coarsen_limit: 50
  balance_weight: 0.1
  num_reads: 50
================================================================================
[2025-12-02 16:13:11]   Trial 1/3: ✓ cut=32985.99, balance=0.0000, time=0.16s
[2025-12-02 16:13:11]   Trial 2/3: ✓ cut=33010.33, balance=0.0000, time=0.16s
[2025-12-02 16:13:12]   Trial 3/3: ✓ cut=32990.38, balance=0.0000, time=0.16s
[2025-12-02 16:13:12] 
  Running METIS baseline...
[2025-12-02 16:13:12]   METIS baseline: cut=6733.38, balance=0.0000, time=0.05s
[2025-12-02 16:13:12]   METIS weights: min=0.00, max=0.00, avg=0.00, std=0.00
[2025-12-02 16:13:12]   → Quantum vs METIS: cut improvement = -390.03%
[2025-12-02 16:13:12] 
  → Aggregate: cut=32995.57±10.59, balance=0.0000, time=0.16±0.00s

================================================================================
[2025-12-02 16:13:12] [24/28800] Testing configuration:
  k_target: 48
  coarsen_limit: 50
  balance_weight: 0.1
  num_reads: 50
================================================================================
[2025-12-02 16:13:12]   Trial 1/3: ✓ cut=32917.57, balance=0.0000, time=0.16s
[2025-12-02 16:13:12]   Trial 2/3: ✓ cut=32985.99, balance=0.0000, time=0.16s
[2025-12-02 16:13:12]   Trial 3/3: ✓ cut=32969.11, balance=0.0000, time=0.16s
[2025-12-02 16:13:12] 
  Running METIS baseline...
[2025-12-02 16:13:12]   METIS baseline: cut=6733.38, balance=0.0000, time=0.05s
[2025-12-02 16:13:12]   METIS weights: min=0.00, max=0.00, avg=0.00, std=0.00
[2025-12-02 16:13:12]   → Quantum vs METIS: cut improvement = -389.47%
[2025-12-02 16:13:12] 
  → Aggregate: cut=32957.56±29.10, balance=0.0000, time=0.16±0.00s

================================================================================
[2025-12-02 16:13:12] [25/28800] Testing configuration:
  k_target: 50
  coarsen_limit: 50
  balance_weight: 0.1
  num_reads: 50
================================================================================
[2025-12-02 16:13:12]   Trial 1/3: ✓ cut=33002.42, balance=0.0000, time=0.16s
[2025-12-02 16:13:13]   Trial 2/3: ✓ cut=32917.57, balance=0.0000, time=0.24s
[2025-12-02 16:13:13]   Trial 3/3: ✓ cut=32969.11, balance=0.0000, time=0.15s
[2025-12-02 16:13:13] 
  Running METIS baseline...
[2025-12-02 16:13:13]   METIS baseline: cut=6733.38, balance=0.0000, time=0.05s
[2025-12-02 16:13:13]   METIS weights: min=0.00, max=0.00, avg=0.00, std=0.00
[2025-12-02 16:13:13]   → Quantum vs METIS: cut improvement = -389.55%
[2025-12-02 16:13:13] 
  → Aggregate: cut=32963.03±34.91, balance=0.0000, time=0.19±0.04s

================================================================================
[2025-12-02 16:13:13] [26/28800] Testing configuration:
  k_target: 52
  coarsen_limit: 50
  balance_weight: 0.1
  num_reads: 50
================================================================================
[2025-12-02 16:13:13]   Trial 1/3: ✓ cut=32643.81, balance=0.0000, time=0.15s
[2025-12-02 16:13:13]   Trial 2/3: ✓ cut=32917.57, balance=0.0000, time=0.15s
[2025-12-02 16:13:13]   Trial 3/3: ✓ cut=33010.33, balance=0.0000, time=0.16s
[2025-12-02 16:13:13] 
  Running METIS baseline...
[2025-12-02 16:13:13]   METIS baseline: cut=0.00, balance=0.0000, time=0.05s
[2025-12-02 16:13:13]   METIS weights: min=0.00, max=0.00, avg=0.00, std=0.00
[2025-12-02 16:13:13]   → Quantum vs METIS: cut improvement = +0.00%
[2025-12-02 16:13:13] 
  → Aggregate: cut=32857.24±155.59, balance=0.0000, time=0.15±0.00s

================================================================================
[2025-12-02 16:13:13] [27/28800] Testing configuration:
  k_target: 54
  coarsen_limit: 50
  balance_weight: 0.1
  num_reads: 50
================================================================================
[2025-12-02 16:13:14]   Trial 1/3: ✓ cut=33010.33, balance=0.0000, time=0.16s
[2025-12-02 16:13:14]   Trial 2/3: ✓ cut=32969.11, balance=0.0000, time=0.16s
[2025-12-02 16:13:14]   Trial 3/3: ✓ cut=32663.76, balance=0.0000, time=0.16s
[2025-12-02 16:13:14] 
  Running METIS baseline...
[2025-12-02 16:13:14]   METIS baseline: cut=0.00, balance=0.0000, time=0.05s
[2025-12-02 16:13:14]   METIS weights: min=0.00, max=0.00, avg=0.00, std=0.00
[2025-12-02 16:13:14]   → Quantum vs METIS: cut improvement = +0.00%
[2025-12-02 16:13:14] 
  → Aggregate: cut=32881.07±154.58, balance=0.0000, time=0.16±0.00s

================================================================================
[2025-12-02 16:13:14] [28/28800] Testing configuration:
  k_target: 56
  coarsen_limit: 50
  balance_weight: 0.1
  num_reads: 50
================================================================================
[2025-12-02 16:13:14]   Trial 1/3: ✓ cut=33010.33, balance=0.0000, time=0.16s
[2025-12-02 16:13:14]   Trial 2/3: ✓ cut=32739.99, balance=0.0000, time=0.16s
[2025-12-02 16:13:14]   Trial 3/3: ✓ cut=32739.99, balance=0.0000, time=0.16s
[2025-12-02 16:13:14] 
  Running METIS baseline...
[2025-12-02 16:13:14]   METIS baseline: cut=0.00, balance=0.0000, time=0.05s
[2025-12-02 16:13:14]   METIS weights: min=0.00, max=0.00, avg=0.00, std=0.00
[2025-12-02 16:13:14]   → Quantum vs METIS: cut improvement = +0.00%
[2025-12-02 16:13:14] 
  → Aggregate: cut=32830.10±127.44, balance=0.0000, time=0.16±0.00s

================================================================================
[2025-12-02 16:13:14] [29/28800] Testing configuration:
  k_target: 58
  coarsen_limit: 50
  balance_weight: 0.1
  num_reads: 50
================================================================================
[2025-12-02 16:13:15]   Trial 1/3: ✓ cut=33010.33, balance=0.0000, time=0.16s
[2025-12-02 16:13:15]   Trial 2/3: ✓ cut=32991.46, balance=0.0000, time=0.16s
[2025-12-02 16:13:15]   Trial 3/3: ✓ cut=33010.33, balance=0.0000, time=0.16s
[2025-12-02 16:13:15] 
  Running METIS baseline...
[2025-12-02 16:13:15]   METIS baseline: cut=0.00, balance=0.0000, time=0.05s
[2025-12-02 16:13:15]   METIS weights: min=0.00, max=0.00, avg=0.00, std=0.00
[2025-12-02 16:13:15]   → Quantum vs METIS: cut improvement = +0.00%
[2025-12-02 16:13:15] 
  → Aggregate: cut=33004.04±8.89, balance=0.0000, time=0.16±0.00s

================================================================================
[2025-12-02 16:13:15] [30/28800] Testing configuration:
  k_target: 60
  coarsen_limit: 50
  balance_weight: 0.1
  num_reads: 50
================================================================================
[2025-12-02 16:13:15]   Trial 1/3: ✓ cut=32985.69, balance=0.0000, time=0.24s
[2025-12-02 16:13:15]   Trial 2/3: ✓ cut=32990.38, balance=0.0000, time=0.16s
[2025-12-02 16:13:16]   Trial 3/3: ✓ cut=32748.38, balance=0.0000, time=0.16s
[2025-12-02 16:13:16] 
  Running METIS baseline...
[2025-12-02 16:13:16]   METIS baseline: cut=0.00, balance=0.0000, time=0.05s
[2025-12-02 16:13:16]   METIS weights: min=0.00, max=0.00, avg=0.00, std=0.00
[2025-12-02 16:13:16]   → Quantum vs METIS: cut improvement = +0.00%
[2025-12-02 16:13:16] 
  → Aggregate: cut=32908.15±112.99, balance=0.0000, time=0.19±0.04s

================================================================================
[2025-12-02 16:13:16] [31/28800] Testing configuration:
  k_target: 62
  coarsen_limit: 50
  balance_weight: 0.1
  num_reads: 50
================================================================================
[2025-12-02 16:13:16]   Trial 1/3: ✓ cut=32990.38, balance=0.0000, time=0.17s
[2025-12-02 16:13:16]   Trial 2/3: ✓ cut=33010.33, balance=0.0000, time=0.17s
[2025-12-02 16:13:16]   Trial 3/3: ✓ cut=33010.33, balance=0.0000, time=0.16s
[2025-12-02 16:13:16] 
  Running METIS baseline...
[2025-12-02 16:13:16]   METIS baseline: cut=0.00, balance=0.0000, time=0.05s
[2025-12-02 16:13:16]   METIS weights: min=0.00, max=0.00, avg=0.00, std=0.00
[2025-12-02 16:13:16]   → Quantum vs METIS: cut improvement = +0.00%
[2025-12-02 16:13:16] 
  → Aggregate: cut=33003.68±9.40, balance=0.0000, time=0.16±0.00s

================================================================================
[2025-12-02 16:13:16] [32/28800] Testing configuration:
  k_target: 64
  coarsen_limit: 50
  balance_weight: 0.1
  num_reads: 50
================================================================================
[2025-12-02 16:13:16]   Trial 1/3: ✓ cut=33010.33, balance=0.0000, time=0.16s
[2025-12-02 16:13:17]   Trial 2/3: ✓ cut=32877.03, balance=0.0000, time=0.17s
[2025-12-02 16:13:17]   Trial 3/3: ✓ cut=33010.33, balance=0.0000, time=0.16s
[2025-12-02 16:13:17] 
  Running METIS baseline...
[2025-12-02 16:13:17]   METIS baseline: cut=0.00, balance=0.0000, time=0.05s
[2025-12-02 16:13:17]   METIS weights: min=0.00, max=0.00, avg=0.00, std=0.00
[2025-12-02 16:13:17]   → Quantum vs METIS: cut improvement = +0.00%
[2025-12-02 16:13:17] 
  → Aggregate: cut=32965.89±62.84, balance=0.0000, time=0.17±0.00s

================================================================================
[2025-12-02 16:13:17] [33/28800] Testing configuration:
  k_target: 2
  coarsen_limit: 50
  balance_weight: 0.1
  num_reads: 100
================================================================================
[2025-12-02 16:13:17]   Trial 1/3: ✓ cut=13556.09, balance=0.9983, time=0.07s
[2025-12-02 16:13:17]   Trial 2/3: ✓ cut=13019.08, balance=0.9993, time=0.07s
[2025-12-02 16:13:17]   Trial 3/3: ✓ cut=13235.94, balance=0.9992, time=0.07s
[2025-12-02 16:13:17] 
  Running METIS baseline...
[2025-12-02 16:13:17]   METIS baseline: cut=5515.36, balance=0.9572, time=0.05s
[2025-12-02 16:13:17]   METIS weights: min=16455.16, max=17190.71, avg=16822.93, std=367.77
[2025-12-02 16:13:17]   → Quantum vs METIS: cut improvement = -140.61%
[2025-12-02 16:13:17] 
  → Aggregate: cut=13270.37±220.58, balance=0.9989, time=0.07±0.00s

================================================================================
[2025-12-02 16:13:17] [34/28800] Testing configuration:
  k_target: 4
  coarsen_limit: 50
  balance_weight: 0.1
  num_reads: 100
================================================================================
[2025-12-02 16:13:17]   Trial 1/3: ✓ cut=17408.40, balance=0.9758, time=0.10s
[2025-12-02 16:13:17]   Trial 2/3: ✓ cut=19438.18, balance=0.9840, time=0.10s
[2025-12-02 16:13:17]   Trial 3/3: ✓ cut=19200.97, balance=0.9872, time=0.10s
[2025-12-02 16:13:17] 
  Running METIS baseline...
[2025-12-02 16:13:18]   METIS baseline: cut=10474.31, balance=0.8900, time=0.05s
[2025-12-02 16:13:18]   METIS weights: min=8037.00, max=9030.07, avg=8411.47, std=382.71
[2025-12-02 16:13:18]   → Quantum vs METIS: cut improvement = -78.37%
[2025-12-02 16:13:18] 
  → Aggregate: cut=18682.52±906.13, balance=0.9823, time=0.10±0.00s

================================================================================
[2025-12-02 16:13:18] [35/28800] Testing configuration:
  k_target: 6
  coarsen_limit: 50
  balance_weight: 0.1
  num_reads: 100
================================================================================
[2025-12-02 16:13:18]   Trial 1/3: ✓ cut=22949.91, balance=0.4975, time=0.19s
[2025-12-02 16:13:18]   Trial 2/3: ✓ cut=22306.18, balance=0.4954, time=0.11s
[2025-12-02 16:13:18]   Trial 3/3: ✓ cut=20403.69, balance=0.4967, time=0.11s
[2025-12-02 16:13:18] 
  Running METIS baseline...
[2025-12-02 16:13:18]   METIS baseline: cut=14607.35, balance=0.6860, time=0.05s
[2025-12-02 16:13:18]   METIS weights: min=4941.39, max=7202.72, avg=5607.64, std=780.70
[2025-12-02 16:13:18]   → Quantum vs METIS: cut improvement = -49.83%
[2025-12-02 16:13:18] 
  → Aggregate: cut=21886.59±1081.00, balance=0.4965, time=0.14±0.04s

================================================================================
[2025-12-02 16:13:18] [36/28800] Testing configuration:
  k_target: 8
  coarsen_limit: 50
  balance_weight: 0.1
  num_reads: 100
================================================================================
[2025-12-02 16:13:18]   Trial 1/3: ✓ cut=25168.37, balance=0.9745, time=0.12s
[2025-12-02 16:13:18]   Trial 2/3: ✓ cut=24987.44, balance=0.9656, time=0.12s
[2025-12-02 16:13:18]   Trial 3/3: ✓ cut=24868.20, balance=0.9646, time=0.12s
[2025-12-02 16:13:18] 
  Running METIS baseline...
[2025-12-02 16:13:18]   METIS baseline: cut=17547.68, balance=0.6854, time=0.05s
[2025-12-02 16:13:18]   METIS weights: min=3423.48, max=4994.68, avg=4205.73, std=479.19
[2025-12-02 16:13:18]   → Quantum vs METIS: cut improvement = -42.51%
[2025-12-02 16:13:18] 
  → Aggregate: cut=25008.00±123.40, balance=0.9682, time=0.12±0.00s

================================================================================
[2025-12-02 16:13:18] [37/28800] Testing configuration:
  k_target: 10
  coarsen_limit: 50
  balance_weight: 0.1
  num_reads: 100
================================================================================
[2025-12-02 16:13:19]   Trial 1/3: ✓ cut=26492.39, balance=0.4906, time=0.13s
[2025-12-02 16:13:19]   Trial 2/3: ✓ cut=26084.65, balance=0.4656, time=0.12s
[2025-12-02 16:13:19]   Trial 3/3: ✓ cut=26742.21, balance=0.4718, time=0.12s
[2025-12-02 16:13:19] 
  Running METIS baseline...
[2025-12-02 16:13:19]   METIS baseline: cut=19241.81, balance=0.7496, time=0.05s
[2025-12-02 16:13:19]   METIS weights: min=2923.86, max=3900.52, avg=3364.59, std=327.57
[2025-12-02 16:13:19]   → Quantum vs METIS: cut improvement = -37.41%
[2025-12-02 16:13:19] 
  → Aggregate: cut=26439.75±271.02, balance=0.4760, time=0.12±0.00s

================================================================================
[2025-12-02 16:13:19] [38/28800] Testing configuration:
  k_target: 12
  coarsen_limit: 50
  balance_weight: 0.1
  num_reads: 100
================================================================================
[2025-12-02 16:13:19]   Trial 1/3: ✓ cut=28277.74, balance=0.4559, time=0.13s
[2025-12-02 16:13:19]   Trial 2/3: ✓ cut=26985.21, balance=0.4102, time=0.13s
[2025-12-02 16:13:19]   Trial 3/3: ✓ cut=26811.50, balance=0.4531, time=0.13s
[2025-12-02 16:13:19] 
  Running METIS baseline...
[2025-12-02 16:13:19]   METIS baseline: cut=22395.73, balance=0.6314, time=0.05s
[2025-12-02 16:13:19]   METIS weights: min=2265.41, max=3588.09, avg=2803.82, std=333.78
[2025-12-02 16:13:19]   → Quantum vs METIS: cut improvement = -22.16%
[2025-12-02 16:13:19] 
  → Aggregate: cut=27358.15±654.10, balance=0.4397, time=0.13±0.00s

================================================================================
[2025-12-02 16:13:19] [39/28800] Testing configuration:
  k_target: 14
  coarsen_limit: 50
  balance_weight: 0.1
  num_reads: 100
================================================================================
[2025-12-02 16:13:19]   Trial 1/3: ✓ cut=29456.84, balance=0.4168, time=0.14s
[2025-12-02 16:13:20]   Trial 2/3: ✓ cut=29617.74, balance=0.4183, time=0.14s
[2025-12-02 16:13:20]   Trial 3/3: ✓ cut=28048.78, balance=0.4676, time=0.14s
[2025-12-02 16:13:20] 
  Running METIS baseline...
[2025-12-02 16:13:20]   METIS baseline: cut=24439.34, balance=0.0000, time=0.05s
[2025-12-02 16:13:20]   METIS weights: min=0.00, max=0.00, avg=0.00, std=0.00
[2025-12-02 16:13:20]   → Quantum vs METIS: cut improvement = -18.83%
[2025-12-02 16:13:20] 
  → Aggregate: cut=29041.12±704.76, balance=0.4342, time=0.14±0.00s

================================================================================
[2025-12-02 16:13:20] [40/28800] Testing configuration:
  k_target: 16
  coarsen_limit: 50
  balance_weight: 0.1
  num_reads: 100
================================================================================
[2025-12-02 16:13:20]   Trial 1/3: ✓ cut=30711.60, balance=0.6987, time=0.14s
[2025-12-02 16:13:20]   Trial 2/3: ✓ cut=29505.36, balance=0.7815, time=0.22s
[2025-12-02 16:13:20]   Trial 3/3: ✓ cut=30248.15, balance=0.5478, time=0.14s
[2025-12-02 16:13:20] 
  Running METIS baseline...
[2025-12-02 16:13:20]   METIS baseline: cut=25993.28, balance=0.0000, time=0.05s
[2025-12-02 16:13:20]   METIS weights: min=0.00, max=0.00, avg=0.00, std=0.00
[2025-12-02 16:13:20]   → Quantum vs METIS: cut improvement = -16.01%
[2025-12-02 16:13:20] 
  → Aggregate: cut=30155.04±496.83, balance=0.6760, time=0.17±0.04s

================================================================================
[2025-12-02 16:13:20] [41/28800] Testing configuration:
  k_target: 18
  coarsen_limit: 50
  balance_weight: 0.1
  num_reads: 100
================================================================================
[2025-12-02 16:13:21]   Trial 1/3: ✓ cut=30868.08, balance=0.2415, time=0.14s
[2025-12-02 16:13:21]   Trial 2/3: ✓ cut=29793.54, balance=0.3464, time=0.14s
[2025-12-02 16:13:21]   Trial 3/3: ✓ cut=30749.14, balance=0.2396, time=0.14s
[2025-12-02 16:13:21] 
  Running METIS baseline...
[2025-12-02 16:13:21]   METIS baseline: cut=27224.34, balance=0.0000, time=0.05s
[2025-12-02 16:13:21]   METIS weights: min=0.00, max=0.00, avg=0.00, std=0.00
[2025-12-02 16:13:21]   → Quantum vs METIS: cut improvement = -11.92%
[2025-12-02 16:13:21] 
  → Aggregate: cut=30470.25±480.96, balance=0.2758, time=0.14±0.00s

================================================================================
[2025-12-02 16:13:21] [42/28800] Testing configuration:
  k_target: 20
  coarsen_limit: 50
  balance_weight: 0.1
  num_reads: 100
================================================================================
[2025-12-02 16:13:21]   Trial 1/3: ✓ cut=30600.61, balance=0.2277, time=0.15s
[2025-12-02 16:13:21]   Trial 2/3: ✓ cut=30251.00, balance=0.3008, time=0.14s
[2025-12-02 16:13:21]   Trial 3/3: ✓ cut=31124.76, balance=0.3045, time=0.15s
[2025-12-02 16:13:21] 
  Running METIS baseline...
[2025-12-02 16:13:21]   METIS baseline: cut=26455.85, balance=0.0000, time=0.05s
[2025-12-02 16:13:21]   METIS weights: min=0.00, max=0.00, avg=0.00, std=0.00
[2025-12-02 16:13:21]   → Quantum vs METIS: cut improvement = -15.89%
[2025-12-02 16:13:21] 
  → Aggregate: cut=30658.79±359.08, balance=0.2777, time=0.15±0.00s

================================================================================
[2025-12-02 16:13:21] [43/28800] Testing configuration:
  k_target: 22
  coarsen_limit: 50
  balance_weight: 0.1
  num_reads: 100
================================================================================
[2025-12-02 16:13:22]   Trial 1/3: ✓ cut=31257.93, balance=0.2283, time=0.15s
[2025-12-02 16:13:22]   Trial 2/3: ✓ cut=32380.59, balance=0.2295, time=0.15s
[2025-12-02 16:13:22]   Trial 3/3: ✓ cut=31963.60, balance=0.2491, time=0.15s
[2025-12-02 16:13:22] 
  Running METIS baseline...
[2025-12-02 16:13:22]   METIS baseline: cut=25924.35, balance=0.0000, time=0.05s
[2025-12-02 16:13:22]   METIS weights: min=0.00, max=0.00, avg=0.00, std=0.00
[2025-12-02 16:13:22]   → Quantum vs METIS: cut improvement = -22.92%
[2025-12-02 16:13:22] 
  → Aggregate: cut=31867.37±463.34, balance=0.2356, time=0.15±0.00s

================================================================================
[2025-12-02 16:13:22] [44/28800] Testing configuration:
  k_target: 24
  coarsen_limit: 50
  balance_weight: 0.1
  num_reads: 100
================================================================================
[2025-12-02 16:13:22]   Trial 1/3: ✓ cut=31797.91, balance=0.2900, time=0.15s
[2025-12-02 16:13:22]   Trial 2/3: ✓ cut=31786.94, balance=0.2812, time=0.15s
[2025-12-02 16:13:22]   Trial 3/3: ✓ cut=31883.84, balance=0.2504, time=0.16s
[2025-12-02 16:13:22] 
  Running METIS baseline...
[2025-12-02 16:13:22]   METIS baseline: cut=25311.39, balance=0.0000, time=0.05s
[2025-12-02 16:13:22]   METIS weights: min=0.00, max=0.00, avg=0.00, std=0.00
[2025-12-02 16:13:22]   → Quantum vs METIS: cut improvement = -25.73%
[2025-12-02 16:13:22] 
  → Aggregate: cut=31822.90±43.33, balance=0.2739, time=0.15±0.01s

================================================================================
[2025-12-02 16:13:22] [45/28800] Testing configuration:
  k_target: 26
  coarsen_limit: 50
  balance_weight: 0.1
  num_reads: 100
================================================================================
[2025-12-02 16:13:23]   Trial 1/3: ✓ cut=32715.21, balance=0.3689, time=0.16s
[2025-12-02 16:13:23]   Trial 2/3: ✓ cut=31863.27, balance=0.2417, time=0.15s
[2025-12-02 16:13:23]   Trial 3/3: ✓ cut=32466.01, balance=0.2358, time=0.24s
[2025-12-02 16:13:23] 
  Running METIS baseline...
[2025-12-02 16:13:23]   METIS baseline: cut=21512.23, balance=0.0000, time=0.05s
[2025-12-02 16:13:23]   METIS weights: min=0.00, max=0.00, avg=0.00, std=0.00
[2025-12-02 16:13:23]   → Quantum vs METIS: cut improvement = -50.37%
[2025-12-02 16:13:23] 
  → Aggregate: cut=32348.16±357.65, balance=0.2822, time=0.19±0.04s

================================================================================
[2025-12-02 16:13:23] [46/28800] Testing configuration:
  k_target: 28
  coarsen_limit: 50
  balance_weight: 0.1
  num_reads: 100
================================================================================
[2025-12-02 16:13:23]   Trial 1/3: ✓ cut=32333.00, balance=0.2641, time=0.17s
[2025-12-02 16:13:23]   Trial 2/3: ✓ cut=32775.28, balance=0.2704, time=0.17s
[2025-12-02 16:13:24]   Trial 3/3: ✓ cut=32267.18, balance=0.3117, time=0.16s
[2025-12-02 16:13:24] 
  Running METIS baseline...
[2025-12-02 16:13:24]   METIS baseline: cut=21850.98, balance=0.0000, time=0.05s
[2025-12-02 16:13:24]   METIS weights: min=0.00, max=0.00, avg=0.00, std=0.00
[2025-12-02 16:13:24]   → Quantum vs METIS: cut improvement = -48.54%
[2025-12-02 16:13:24] 
  → Aggregate: cut=32458.49±225.61, balance=0.2821, time=0.17±0.00s

================================================================================
[2025-12-02 16:13:24] [47/28800] Testing configuration:
  k_target: 30
  coarsen_limit: 50
  balance_weight: 0.1
  num_reads: 100
================================================================================
[2025-12-02 16:13:24]   Trial 1/3: ✓ cut=32336.83, balance=0.2562, time=0.17s
[2025-12-02 16:13:24]   Trial 2/3: ✓ cut=32765.50, balance=0.2475, time=0.17s
[2025-12-02 16:13:24]   Trial 3/3: ✓ cut=32985.99, balance=0.3249, time=0.18s
[2025-12-02 16:13:24] 
  Running METIS baseline...
[2025-12-02 16:13:24]   METIS baseline: cut=19696.47, balance=0.0000, time=0.05s
[2025-12-02 16:13:24]   METIS weights: min=0.00, max=0.00, avg=0.00, std=0.00
[2025-12-02 16:13:24]   → Quantum vs METIS: cut improvement = -66.00%
[2025-12-02 16:13:24] 
  → Aggregate: cut=32696.11±269.52, balance=0.2762, time=0.17±0.00s

================================================================================
[2025-12-02 16:13:24] [48/28800] Testing configuration:
  k_target: 32
  coarsen_limit: 50
  balance_weight: 0.1
  num_reads: 100
================================================================================
[2025-12-02 16:13:24]   Trial 1/3: ✓ cut=32917.57, balance=0.3088, time=0.17s
[2025-12-02 16:13:25]   Trial 2/3: ✓ cut=32923.09, balance=0.0000, time=0.18s
[2025-12-02 16:13:25]   Trial 3/3: ✓ cut=33010.33, balance=0.2185, time=0.17s
[2025-12-02 16:13:25] 
  Running METIS baseline...
[2025-12-02 16:13:25]   METIS baseline: cut=15531.69, balance=0.0000, time=0.05s
[2025-12-02 16:13:25]   METIS weights: min=0.00, max=0.00, avg=0.00, std=0.00
[2025-12-02 16:13:25]   → Quantum vs METIS: cut improvement = -112.15%
[2025-12-02 16:13:25] 
  → Aggregate: cut=32950.33±42.49, balance=0.1758, time=0.17±0.00s

================================================================================
[2025-12-02 16:13:25] [49/28800] Testing configuration:
  k_target: 34
  coarsen_limit: 50
  balance_weight: 0.1
  num_reads: 100
================================================================================
[2025-12-02 16:13:25]   Trial 1/3: ✓ cut=32808.44, balance=0.0000, time=0.17s
[2025-12-02 16:13:25]   Trial 2/3: ✓ cut=32526.81, balance=0.0000, time=0.17s
[2025-12-02 16:13:25]   Trial 3/3: ✓ cut=32585.57, balance=0.0000, time=0.18s
[2025-12-02 16:13:25] 
  Running METIS baseline...
[2025-12-02 16:13:25]   METIS baseline: cut=15076.39, balance=0.0000, time=0.05s
[2025-12-02 16:13:25]   METIS weights: min=0.00, max=0.00, avg=0.00, std=0.00
[2025-12-02 16:13:25]   → Quantum vs METIS: cut improvement = -116.50%
[2025-12-02 16:13:25] 
  → Aggregate: cut=32640.27±121.31, balance=0.0000, time=0.17±0.00s

================================================================================
[2025-12-02 16:13:25] [50/28800] Testing configuration:
  k_target: 36
  coarsen_limit: 50
  balance_weight: 0.1
  num_reads: 100
================================================================================
[2025-12-02 16:13:26]   Trial 1/3: ✓ cut=32808.63, balance=0.0000, time=0.17s
[2025-12-02 16:13:26]   Trial 2/3: ✓ cut=32964.51, balance=0.0000, time=0.26s
[2025-12-02 16:13:26]   Trial 3/3: ✓ cut=32974.04, balance=0.0000, time=0.17s
[2025-12-02 16:13:26] 
  Running METIS baseline...
[2025-12-02 16:13:26]   METIS baseline: cut=17141.12, balance=0.0000, time=0.05s
[2025-12-02 16:13:26]   METIS weights: min=0.00, max=0.00, avg=0.00, std=0.00
[2025-12-02 16:13:26]   → Quantum vs METIS: cut improvement = -92.03%
[2025-12-02 16:13:26] 
  → Aggregate: cut=32915.73±75.83, balance=0.0000, time=0.20±0.04s

================================================================================
[2025-12-02 16:13:26] [51/28800] Testing configuration:
  k_target: 38
  coarsen_limit: 50
  balance_weight: 0.1
  num_reads: 100
================================================================================
[2025-12-02 16:13:26]   Trial 1/3: ✓ cut=32107.57, balance=0.0000, time=0.17s
[2025-12-02 16:13:27]   Trial 2/3: ✓ cut=32607.53, balance=0.0000, time=0.18s
[2025-12-02 16:13:27]   Trial 3/3: ✓ cut=32420.85, balance=0.0000, time=0.18s
[2025-12-02 16:13:27] 
  Running METIS baseline...
[2025-12-02 16:13:27]   METIS baseline: cut=17141.12, balance=0.0000, time=0.05s
[2025-12-02 16:13:27]   METIS weights: min=0.00, max=0.00, avg=0.00, std=0.00
[2025-12-02 16:13:27]   → Quantum vs METIS: cut improvement = -88.89%
[2025-12-02 16:13:27] 
  → Aggregate: cut=32378.65±206.28, balance=0.0000, time=0.18±0.00s

================================================================================
[2025-12-02 16:13:27] [52/28800] Testing configuration:
  k_target: 40
  coarsen_limit: 50
  balance_weight: 0.1
  num_reads: 100
================================================================================
[2025-12-02 16:13:27]   Trial 1/3: ✓ cut=32808.63, balance=0.0000, time=0.18s
[2025-12-02 16:13:27]   Trial 2/3: ✓ cut=32948.83, balance=0.0000, time=0.17s
[2025-12-02 16:13:27]   Trial 3/3: ✓ cut=33010.33, balance=0.0000, time=0.18s
[2025-12-02 16:13:27] 
  Running METIS baseline...
[2025-12-02 16:13:27]   METIS baseline: cut=6733.38, balance=0.0000, time=0.05s
[2025-12-02 16:13:27]   METIS weights: min=0.00, max=0.00, avg=0.00, std=0.00
[2025-12-02 16:13:27]   → Quantum vs METIS: cut improvement = -388.95%
[2025-12-02 16:13:27] 
  → Aggregate: cut=32922.60±84.41, balance=0.0000, time=0.18±0.00s

================================================================================
[2025-12-02 16:13:27] [53/28800] Testing configuration:
  k_target: 42
  coarsen_limit: 50
  balance_weight: 0.1
  num_reads: 100
================================================================================
[2025-12-02 16:13:28]   Trial 1/3: ✓ cut=32663.76, balance=0.0000, time=0.18s
[2025-12-02 16:13:28]   Trial 2/3: ✓ cut=32974.04, balance=0.0000, time=0.18s
[2025-12-02 16:13:28]   Trial 3/3: ✓ cut=32462.06, balance=0.0000, time=0.18s
[2025-12-02 16:13:28] 
  Running METIS baseline...
[2025-12-02 16:13:28]   METIS baseline: cut=6733.38, balance=0.0000, time=0.05s
[2025-12-02 16:13:28]   METIS weights: min=0.00, max=0.00, avg=0.00, std=0.00
[2025-12-02 16:13:28]   → Quantum vs METIS: cut improvement = -385.64%
[2025-12-02 16:13:28] 
  → Aggregate: cut=32699.96±210.58, balance=0.0000, time=0.18±0.00s

================================================================================
[2025-12-02 16:13:28] [54/28800] Testing configuration:
  k_target: 44
  coarsen_limit: 50
  balance_weight: 0.1
  num_reads: 100
================================================================================
[2025-12-02 16:13:28]   Trial 1/3: ✓ cut=32724.04, balance=0.0000, time=0.18s
[2025-12-02 16:13:28]   Trial 2/3: ✓ cut=32614.92, balance=0.0000, time=0.18s
[2025-12-02 16:13:29]   Trial 3/3: ✓ cut=33010.33, balance=0.0000, time=0.19s
[2025-12-02 16:13:29] 
  Running METIS baseline...
[2025-12-02 16:13:29]   METIS baseline: cut=6733.38, balance=0.0000, time=0.05s
[2025-12-02 16:13:29]   METIS weights: min=0.00, max=0.00, avg=0.00, std=0.00
[2025-12-02 16:13:29]   → Quantum vs METIS: cut improvement = -386.87%
[2025-12-02 16:13:29] 
  → Aggregate: cut=32783.10±166.74, balance=0.0000, time=0.18±0.00s

================================================================================
[2025-12-02 16:13:29] [55/28800] Testing configuration:
  k_target: 46
  coarsen_limit: 50
  balance_weight: 0.1
  num_reads: 100
================================================================================
[2025-12-02 16:13:29]   Trial 1/3: ✓ cut=32571.00, balance=0.0000, time=0.18s
[2025-12-02 16:13:29]   Trial 2/3: ✓ cut=33010.33, balance=0.0000, time=0.27s
[2025-12-02 16:13:29]   Trial 3/3: ✓ cut=32985.69, balance=0.0000, time=0.19s
[2025-12-02 16:13:29] 
  Running METIS baseline...
[2025-12-02 16:13:29]   METIS baseline: cut=6733.38, balance=0.0000, time=0.05s
[2025-12-02 16:13:29]   METIS weights: min=0.00, max=0.00, avg=0.00, std=0.00
[2025-12-02 16:13:29]   → Quantum vs METIS: cut improvement = -387.95%
[2025-12-02 16:13:29] 
  → Aggregate: cut=32855.67±201.54, balance=0.0000, time=0.21±0.04s

================================================================================
[2025-12-02 16:13:29] [56/28800] Testing configuration:
  k_target: 48
  coarsen_limit: 50
  balance_weight: 0.1
  num_reads: 100
================================================================================
[2025-12-02 16:13:30]   Trial 1/3: ✓ cut=32972.21, balance=0.0000, time=0.20s
[2025-12-02 16:13:30]   Trial 2/3: ✓ cut=32639.42, balance=0.0000, time=0.20s
[2025-12-02 16:13:30]   Trial 3/3: ✓ cut=32966.04, balance=0.0000, time=0.20s
[2025-12-02 16:13:30] 
  Running METIS baseline...
[2025-12-02 16:13:30]   METIS baseline: cut=6733.38, balance=0.0000, time=0.05s
[2025-12-02 16:13:30]   METIS weights: min=0.00, max=0.00, avg=0.00, std=0.00
[2025-12-02 16:13:30]   → Quantum vs METIS: cut improvement = -388.01%
[2025-12-02 16:13:30] 
  → Aggregate: cut=32859.23±155.44, balance=0.0000, time=0.20±0.00s

================================================================================
[2025-12-02 16:13:30] [57/28800] Testing configuration:
  k_target: 50
  coarsen_limit: 50
  balance_weight: 0.1
  num_reads: 100
================================================================================
[2025-12-02 16:13:30]   Trial 1/3: ✓ cut=32877.03, balance=0.0000, time=0.19s
[2025-12-02 16:13:30]   Trial 2/3: ✓ cut=32679.80, balance=0.0000, time=0.20s
[2025-12-02 16:13:31]   Trial 3/3: ✓ cut=32808.44, balance=0.0000, time=0.20s
[2025-12-02 16:13:31] 
  Running METIS baseline...
[2025-12-02 16:13:31]   METIS baseline: cut=6733.38, balance=0.0000, time=0.05s
[2025-12-02 16:13:31]   METIS weights: min=0.00, max=0.00, avg=0.00, std=0.00
[2025-12-02 16:13:31]   → Quantum vs METIS: cut improvement = -386.95%
[2025-12-02 16:13:31] 
  → Aggregate: cut=32788.42±81.75, balance=0.0000, time=0.20±0.00s

================================================================================
[2025-12-02 16:13:31] [58/28800] Testing configuration:
  k_target: 52
  coarsen_limit: 50
  balance_weight: 0.1
  num_reads: 100
================================================================================
[2025-12-02 16:13:31]   Trial 1/3: ✓ cut=32663.76, balance=0.0000, time=0.20s
[2025-12-02 16:13:31]   Trial 2/3: ✓ cut=32969.11, balance=0.0000, time=0.19s
[2025-12-02 16:13:31]   Trial 3/3: ✓ cut=33010.33, balance=0.0000, time=0.19s
[2025-12-02 16:13:31] 
  Running METIS baseline...
[2025-12-02 16:13:31]   METIS baseline: cut=0.00, balance=0.0000, time=0.05s
[2025-12-02 16:13:31]   METIS weights: min=0.00, max=0.00, avg=0.00, std=0.00
[2025-12-02 16:13:31]   → Quantum vs METIS: cut improvement = +0.00%
[2025-12-02 16:13:31] 
  → Aggregate: cut=32881.07±154.58, balance=0.0000, time=0.19±0.00s

================================================================================
[2025-12-02 16:13:31] [59/28800] Testing configuration:
  k_target: 54
  coarsen_limit: 50
  balance_weight: 0.1
  num_reads: 100
================================================================================
[2025-12-02 16:13:32]   Trial 1/3: ✓ cut=33010.33, balance=0.0000, time=0.21s
[2025-12-02 16:13:32]   Trial 2/3: ✓ cut=32663.76, balance=0.0000, time=0.20s
[2025-12-02 16:13:32]   Trial 3/3: ✓ cut=32969.11, balance=0.0000, time=0.20s
[2025-12-02 16:13:32] 
  Running METIS baseline...
[2025-12-02 16:13:32]   METIS baseline: cut=0.00, balance=0.0000, time=0.05s
[2025-12-02 16:13:32]   METIS weights: min=0.00, max=0.00, avg=0.00, std=0.00
[2025-12-02 16:13:32]   → Quantum vs METIS: cut improvement = +0.00%
[2025-12-02 16:13:32] 
  → Aggregate: cut=32881.07±154.58, balance=0.0000, time=0.20±0.00s

================================================================================
[2025-12-02 16:13:32] [60/28800] Testing configuration:
  k_target: 56
  coarsen_limit: 50
  balance_weight: 0.1
  num_reads: 100
================================================================================
[2025-12-02 16:13:32]   Trial 1/3: ✓ cut=32622.55, balance=0.0000, time=0.28s
[2025-12-02 16:13:33]   Trial 2/3: ✓ cut=32969.11, balance=0.0000, time=0.20s
[2025-12-02 16:13:33]   Trial 3/3: ✓ cut=32748.38, balance=0.0000, time=0.21s
[2025-12-02 16:13:33] 
  Running METIS baseline...
[2025-12-02 16:13:33]   METIS baseline: cut=0.00, balance=0.0000, time=0.05s
[2025-12-02 16:13:33]   METIS weights: min=0.00, max=0.00, avg=0.00, std=0.00
[2025-12-02 16:13:33]   → Quantum vs METIS: cut improvement = +0.00%
[2025-12-02 16:13:33] 
  → Aggregate: cut=32780.01±143.24, balance=0.0000, time=0.23±0.04s

================================================================================
[2025-12-02 16:13:33] [61/28800] Testing configuration:
  k_target: 58
  coarsen_limit: 50
  balance_weight: 0.1
  num_reads: 100
================================================================================
[2025-12-02 16:13:33]   Trial 1/3: ✓ cut=32917.57, balance=0.0000, time=0.21s
[2025-12-02 16:13:33]   Trial 2/3: ✓ cut=33010.33, balance=0.0000, time=0.20s
[2025-12-02 16:13:33]   Trial 3/3: ✓ cut=32639.42, balance=0.0000, time=0.21s
[2025-12-02 16:13:33] 
  Running METIS baseline...
[2025-12-02 16:13:33]   METIS baseline: cut=0.00, balance=0.0000, time=0.05s
[2025-12-02 16:13:33]   METIS weights: min=0.00, max=0.00, avg=0.00, std=0.00
[2025-12-02 16:13:33]   → Quantum vs METIS: cut improvement = +0.00%
[2025-12-02 16:13:33] 
  → Aggregate: cut=32855.77±157.60, balance=0.0000, time=0.21±0.00s

================================================================================
[2025-12-02 16:13:34] [62/28800] Testing configuration:
  k_target: 60
  coarsen_limit: 50
  balance_weight: 0.1
  num_reads: 100
================================================================================
[2025-12-02 16:13:34]   Trial 1/3: ✓ cut=32835.82, balance=0.0000, time=0.21s
[2025-12-02 16:13:34]   Trial 2/3: ✓ cut=33010.33, balance=0.0000, time=0.21s
[2025-12-02 16:13:34]   Trial 3/3: ✓ cut=32969.11, balance=0.0000, time=0.21s
[2025-12-02 16:13:34] 
  Running METIS baseline...
[2025-12-02 16:13:34]   METIS baseline: cut=0.00, balance=0.0000, time=0.05s
[2025-12-02 16:13:34]   METIS weights: min=0.00, max=0.00, avg=0.00, std=0.00
[2025-12-02 16:13:34]   → Quantum vs METIS: cut improvement = +0.00%
[2025-12-02 16:13:34] 
  → Aggregate: cut=32938.42±74.48, balance=0.0000, time=0.21±0.00s

================================================================================
[2025-12-02 16:13:34] [63/28800] Testing configuration:
  k_target: 62
  coarsen_limit: 50
  balance_weight: 0.1
  num_reads: 100
================================================================================
[2025-12-02 16:13:34]   Trial 1/3: ✓ cut=32969.11, balance=0.0000, time=0.22s
[2025-12-02 16:13:35]   Trial 2/3: ✓ cut=32670.26, balance=0.0000, time=0.21s
[2025-12-02 16:13:35]   Trial 3/3: ✓ cut=32944.78, balance=0.0000, time=0.22s
[2025-12-02 16:13:35] 
  Running METIS baseline...
[2025-12-02 16:13:35]   METIS baseline: cut=0.00, balance=0.0000, time=0.05s
[2025-12-02 16:13:35]   METIS weights: min=0.00, max=0.00, avg=0.00, std=0.00
[2025-12-02 16:13:35]   → Quantum vs METIS: cut improvement = +0.00%
[2025-12-02 16:13:35] 
  → Aggregate: cut=32861.39±135.51, balance=0.0000, time=0.22±0.00s

================================================================================
[2025-12-02 16:13:35] [64/28800] Testing configuration:
  k_target: 64
  coarsen_limit: 50
  balance_weight: 0.1
  num_reads: 100
================================================================================
[2025-12-02 16:13:35]   Trial 1/3: ✓ cut=32534.72, balance=0.0000, time=0.22s
[2025-12-02 16:13:35]   Trial 2/3: ✓ cut=32974.04, balance=0.0000, time=0.22s
[2025-12-02 16:13:36]   Trial 3/3: ✓ cut=32622.55, balance=0.0000, time=0.30s
[2025-12-02 16:13:36] 
  Running METIS baseline...
[2025-12-02 16:13:36]   METIS baseline: cut=0.00, balance=0.0000, time=0.05s
[2025-12-02 16:13:36]   METIS weights: min=0.00, max=0.00, avg=0.00, std=0.00
[2025-12-02 16:13:36]   → Quantum vs METIS: cut improvement = +0.00%
[2025-12-02 16:13:36] 
  → Aggregate: cut=32710.44±189.82, balance=0.0000, time=0.24±0.04s

================================================================================
[2025-12-02 16:13:36] [65/28800] Testing configuration:
  k_target: 2
  coarsen_limit: 50
  balance_weight: 0.1
  num_reads: 150
================================================================================
[2025-12-02 16:13:36]   Trial 1/3: ✓ cut=11953.14, balance=0.9972, time=0.09s
[2025-12-02 16:13:36]   Trial 2/3: ✓ cut=13506.98, balance=0.9970, time=0.09s
[2025-12-02 16:13:36]   Trial 3/3: ✓ cut=13296.02, balance=0.9998, time=0.09s
[2025-12-02 16:13:36] 
  Running METIS baseline...
[2025-12-02 16:13:36]   METIS baseline: cut=5515.36, balance=0.9572, time=0.05s
[2025-12-02 16:13:36]   METIS weights: min=16455.16, max=17190.71, avg=16822.93, std=367.77
[2025-12-02 16:13:36]   → Quantum vs METIS: cut improvement = -134.23%
[2025-12-02 16:13:36] 
  → Aggregate: cut=12918.71±688.18, balance=0.9980, time=0.09±0.00s

================================================================================
[2025-12-02 16:13:36] [66/28800] Testing configuration:
  k_target: 4
  coarsen_limit: 50
  balance_weight: 0.1
  num_reads: 150
================================================================================
[2025-12-02 16:13:36]   Trial 1/3: ✓ cut=18213.75, balance=0.9863, time=0.12s
[2025-12-02 16:13:36]   Trial 2/3: ✓ cut=19418.92, balance=0.9945, time=0.12s
[2025-12-02 16:13:36]   Trial 3/3: ✓ cut=18604.42, balance=0.9918, time=0.12s
[2025-12-02 16:13:36] 
  Running METIS baseline...
[2025-12-02 16:13:36]   METIS baseline: cut=10474.31, balance=0.8900, time=0.05s
[2025-12-02 16:13:36]   METIS weights: min=8037.00, max=9030.07, avg=8411.47, std=382.71
[2025-12-02 16:13:36]   → Quantum vs METIS: cut improvement = -78.97%
[2025-12-02 16:13:36] 
  → Aggregate: cut=18745.70±502.05, balance=0.9909, time=0.12±0.00s

================================================================================
[2025-12-02 16:13:36] [67/28800] Testing configuration:
  k_target: 6
  coarsen_limit: 50
  balance_weight: 0.1
  num_reads: 150
================================================================================
[2025-12-02 16:13:37]   Trial 1/3: ✓ cut=20811.69, balance=0.4970, time=0.13s
[2025-12-02 16:13:37]   Trial 2/3: ✓ cut=20929.64, balance=0.5004, time=0.13s
[2025-12-02 16:13:37]   Trial 3/3: ✓ cut=21429.10, balance=0.4961, time=0.13s
[2025-12-02 16:13:37] 
  Running METIS baseline...
[2025-12-02 16:13:37]   METIS baseline: cut=14607.35, balance=0.6860, time=0.04s
[2025-12-02 16:13:37]   METIS weights: min=4941.39, max=7202.72, avg=5607.64, std=780.70
[2025-12-02 16:13:37]   → Quantum vs METIS: cut improvement = -44.15%
[2025-12-02 16:13:37] 
  → Aggregate: cut=21056.81±267.62, balance=0.4978, time=0.13±0.00s

================================================================================
[2025-12-02 16:13:37] [68/28800] Testing configuration:
  k_target: 8
  coarsen_limit: 50
  balance_weight: 0.1
  num_reads: 150
================================================================================
[2025-12-02 16:13:37]   Trial 1/3: ✓ cut=24785.39, balance=0.9229, time=0.14s
[2025-12-02 16:13:37]   Trial 2/3: ✓ cut=23701.59, balance=0.9670, time=0.14s
[2025-12-02 16:13:37]   Trial 3/3: ✓ cut=23277.64, balance=0.9696, time=0.14s
[2025-12-02 16:13:37] 
  Running METIS baseline...
[2025-12-02 16:13:37]   METIS baseline: cut=17547.68, balance=0.6854, time=0.04s
[2025-12-02 16:13:37]   METIS weights: min=3423.48, max=4994.68, avg=4205.73, std=479.19
[2025-12-02 16:13:37]   → Quantum vs METIS: cut improvement = -36.32%
[2025-12-02 16:13:37] 
  → Aggregate: cut=23921.54±634.88, balance=0.9532, time=0.14±0.00s

================================================================================
[2025-12-02 16:13:37] [69/28800] Testing configuration:
  k_target: 10
  coarsen_limit: 50
  balance_weight: 0.1
  num_reads: 150
================================================================================
[2025-12-02 16:13:38]   Trial 1/3: ✓ cut=25408.70, balance=0.4698, time=0.15s
[2025-12-02 16:13:38]   Trial 2/3: ✓ cut=25301.72, balance=0.4707, time=0.15s
[2025-12-02 16:13:38]   Trial 3/3: ✓ cut=26829.64, balance=0.4839, time=0.15s
[2025-12-02 16:13:38] 
  Running METIS baseline...
[2025-12-02 16:13:38]   METIS baseline: cut=19241.81, balance=0.7496, time=0.05s
[2025-12-02 16:13:38]   METIS weights: min=2923.86, max=3900.52, avg=3364.59, std=327.57
[2025-12-02 16:13:38]   → Quantum vs METIS: cut improvement = -34.33%
[2025-12-02 16:13:38] 
  → Aggregate: cut=25846.69±696.43, balance=0.4748, time=0.15±0.00s

================================================================================
[2025-12-02 16:13:38] [70/28800] Testing configuration:
  k_target: 12
  coarsen_limit: 50
  balance_weight: 0.1
  num_reads: 150
================================================================================
[2025-12-02 16:13:38]   Trial 1/3: ✓ cut=26659.33, balance=0.4652, time=0.15s
[2025-12-02 16:13:38]   Trial 2/3: ✓ cut=27408.96, balance=0.4393, time=0.16s
[2025-12-02 16:13:39]   Trial 3/3: ✓ cut=26509.37, balance=0.4577, time=0.26s
[2025-12-02 16:13:39] 
  Running METIS baseline...
[2025-12-02 16:13:39]   METIS baseline: cut=22395.73, balance=0.6314, time=0.05s
[2025-12-02 16:13:39]   METIS weights: min=2265.41, max=3588.09, avg=2803.82, std=333.78
[2025-12-02 16:13:39]   → Quantum vs METIS: cut improvement = -19.93%
[2025-12-02 16:13:39] 
  → Aggregate: cut=26859.22±393.52, balance=0.4541, time=0.19±0.05s

================================================================================
[2025-12-02 16:13:39] [71/28800] Testing configuration:
  k_target: 14
  coarsen_limit: 50
  balance_weight: 0.1
  num_reads: 150
================================================================================
[2025-12-02 16:13:39]   Trial 1/3: ✓ cut=28829.75, balance=0.4617, time=0.16s
[2025-12-02 16:13:39]   Trial 2/3: ✓ cut=27506.13, balance=0.4245, time=0.16s
[2025-12-02 16:13:39]   Trial 3/3: ✓ cut=27424.97, balance=0.4537, time=0.16s
[2025-12-02 16:13:39] 
  Running METIS baseline...
[2025-12-02 16:13:39]   METIS baseline: cut=24439.34, balance=0.0000, time=0.05s
[2025-12-02 16:13:39]   METIS weights: min=0.00, max=0.00, avg=0.00, std=0.00
[2025-12-02 16:13:39]   → Quantum vs METIS: cut improvement = -14.24%
[2025-12-02 16:13:39] 
  → Aggregate: cut=27920.28±643.94, balance=0.4466, time=0.16±0.00s

================================================================================
[2025-12-02 16:13:39] [72/28800] Testing configuration:
  k_target: 16
  coarsen_limit: 50
  balance_weight: 0.1
  num_reads: 150
================================================================================
[2025-12-02 16:13:39]   Trial 1/3: ✓ cut=29239.25, balance=0.6997, time=0.18s
[2025-12-02 16:13:40]   Trial 2/3: ✓ cut=30482.75, balance=0.6717, time=0.18s
[2025-12-02 16:13:40]   Trial 3/3: ✓ cut=30065.97, balance=0.5873, time=0.18s
[2025-12-02 16:13:40] 
  Running METIS baseline...
[2025-12-02 16:13:40]   METIS baseline: cut=25993.28, balance=0.0000, time=0.05s
[2025-12-02 16:13:40]   METIS weights: min=0.00, max=0.00, avg=0.00, std=0.00
[2025-12-02 16:13:40]   → Quantum vs METIS: cut improvement = -15.14%
[2025-12-02 16:13:40] 
  → Aggregate: cut=29929.33±516.77, balance=0.6529, time=0.18±0.00s

================================================================================
[2025-12-02 16:13:40] [73/28800] Testing configuration:
  k_target: 18
  coarsen_limit: 50
  balance_weight: 0.1
  num_reads: 150
================================================================================
[2025-12-02 16:13:40]   Trial 1/3: ✓ cut=29783.01, balance=0.2994, time=0.19s
[2025-12-02 16:13:40]   Trial 2/3: ✓ cut=30714.13, balance=0.3990, time=0.17s
[2025-12-02 16:13:40]   Trial 3/3: ✓ cut=30024.64, balance=0.4013, time=0.18s
[2025-12-02 16:13:40] 
  Running METIS baseline...
[2025-12-02 16:13:40]   METIS baseline: cut=27224.34, balance=0.0000, time=0.05s
[2025-12-02 16:13:40]   METIS weights: min=0.00, max=0.00, avg=0.00, std=0.00
[2025-12-02 16:13:40]   → Quantum vs METIS: cut improvement = -10.83%
[2025-12-02 16:13:40] 
  → Aggregate: cut=30173.93±394.51, balance=0.3666, time=0.18±0.01s

================================================================================
[2025-12-02 16:13:40] [74/28800] Testing configuration:
  k_target: 20
  coarsen_limit: 50
  balance_weight: 0.1
  num_reads: 150
================================================================================
[2025-12-02 16:13:41]   Trial 1/3: ✓ cut=31262.99, balance=0.3617, time=0.18s
[2025-12-02 16:13:41]   Trial 2/3: ✓ cut=31047.31, balance=0.2426, time=0.18s
[2025-12-02 16:13:41]   Trial 3/3: ✓ cut=31046.84, balance=0.2281, time=0.18s
[2025-12-02 16:13:41] 
  Running METIS baseline...
[2025-12-02 16:13:41]   METIS baseline: cut=26455.85, balance=0.0000, time=0.05s
[2025-12-02 16:13:41]   METIS weights: min=0.00, max=0.00, avg=0.00, std=0.00
[2025-12-02 16:13:41]   → Quantum vs METIS: cut improvement = -17.63%
[2025-12-02 16:13:41] 
  → Aggregate: cut=31119.05±101.78, balance=0.2774, time=0.18±0.00s

================================================================================
[2025-12-02 16:13:41] [75/28800] Testing configuration:
  k_target: 22
  coarsen_limit: 50
  balance_weight: 0.1
  num_reads: 150
================================================================================
[2025-12-02 16:13:41]   Trial 1/3: ✓ cut=31560.50, balance=0.3831, time=0.19s
[2025-12-02 16:13:41]   Trial 2/3: ✓ cut=31129.93, balance=0.2284, time=0.18s
[2025-12-02 16:13:42]   Trial 3/3: ✓ cut=31497.45, balance=0.3076, time=0.27s
[2025-12-02 16:13:42] 
  Running METIS baseline...
[2025-12-02 16:13:42]   METIS baseline: cut=25924.35, balance=0.0000, time=0.05s
[2025-12-02 16:13:42]   METIS weights: min=0.00, max=0.00, avg=0.00, std=0.00
[2025-12-02 16:13:42]   → Quantum vs METIS: cut improvement = -21.11%
[2025-12-02 16:13:42] 
  → Aggregate: cut=31395.96±189.86, balance=0.3064, time=0.21±0.04s

================================================================================
[2025-12-02 16:13:42] [76/28800] Testing configuration:
  k_target: 24
  coarsen_limit: 50
  balance_weight: 0.1
  num_reads: 150
================================================================================
[2025-12-02 16:13:42]   Trial 1/3: ✓ cut=32488.72, balance=0.2354, time=0.19s
[2025-12-02 16:13:42]   Trial 2/3: ✓ cut=30888.99, balance=0.2856, time=0.19s
[2025-12-02 16:13:42]   Trial 3/3: ✓ cut=31226.77, balance=0.2505, time=0.19s
[2025-12-02 16:13:42] 
  Running METIS baseline...
[2025-12-02 16:13:42]   METIS baseline: cut=25311.39, balance=0.0000, time=0.05s
[2025-12-02 16:13:42]   METIS weights: min=0.00, max=0.00, avg=0.00, std=0.00
[2025-12-02 16:13:42]   → Quantum vs METIS: cut improvement = -24.59%
[2025-12-02 16:13:42] 
  → Aggregate: cut=31534.83±688.45, balance=0.2572, time=0.19±0.00s

================================================================================
[2025-12-02 16:13:42] [77/28800] Testing configuration:
  k_target: 26
  coarsen_limit: 50
  balance_weight: 0.1
  num_reads: 150
================================================================================
[2025-12-02 16:13:43]   Trial 1/3: ✓ cut=31748.50, balance=0.3698, time=0.19s
[2025-12-02 16:13:43]   Trial 2/3: ✓ cut=31809.08, balance=0.2874, time=0.19s
[2025-12-02 16:13:43]   Trial 3/3: ✓ cut=32533.60, balance=0.2416, time=0.19s
[2025-12-02 16:13:43] 
  Running METIS baseline...
[2025-12-02 16:13:43]   METIS baseline: cut=21512.23, balance=0.0000, time=0.05s
[2025-12-02 16:13:43]   METIS weights: min=0.00, max=0.00, avg=0.00, std=0.00
[2025-12-02 16:13:43]   → Quantum vs METIS: cut improvement = -48.89%
[2025-12-02 16:13:43] 
  → Aggregate: cut=32030.39±356.68, balance=0.2996, time=0.19±0.00s

================================================================================
[2025-12-02 16:13:43] [78/28800] Testing configuration:
  k_target: 28
  coarsen_limit: 50
  balance_weight: 0.1
  num_reads: 150
================================================================================
[2025-12-02 16:13:43]   Trial 1/3: ✓ cut=32112.20, balance=0.2371, time=0.21s
[2025-12-02 16:13:43]   Trial 2/3: ✓ cut=32642.30, balance=0.2456, time=0.20s
[2025-12-02 16:13:44]   Trial 3/3: ✓ cut=32882.53, balance=0.2546, time=0.20s
[2025-12-02 16:13:44] 
  Running METIS baseline...
[2025-12-02 16:13:44]   METIS baseline: cut=21850.98, balance=0.0000, time=0.05s
[2025-12-02 16:13:44]   METIS weights: min=0.00, max=0.00, avg=0.00, std=0.00
[2025-12-02 16:13:44]   → Quantum vs METIS: cut improvement = -48.94%
[2025-12-02 16:13:44] 
  → Aggregate: cut=32545.67±321.82, balance=0.2457, time=0.20±0.01s

================================================================================
[2025-12-02 16:13:44] [79/28800] Testing configuration:
  k_target: 30
  coarsen_limit: 50
  balance_weight: 0.1
  num_reads: 150
================================================================================
[2025-12-02 16:13:44]   Trial 1/3: ✓ cut=32847.15, balance=0.3321, time=0.20s
[2025-12-02 16:13:44]   Trial 2/3: ✓ cut=32439.96, balance=0.3352, time=0.21s
[2025-12-02 16:13:44]   Trial 3/3: ✓ cut=32618.09, balance=0.2455, time=0.20s
[2025-12-02 16:13:44] 
  Running METIS baseline...
[2025-12-02 16:13:44]   METIS baseline: cut=19696.47, balance=0.0000, time=0.05s
[2025-12-02 16:13:44]   METIS weights: min=0.00, max=0.00, avg=0.00, std=0.00
[2025-12-02 16:13:44]   → Quantum vs METIS: cut improvement = -65.69%
[2025-12-02 16:13:44] 
  → Aggregate: cut=32635.07±166.67, balance=0.3043, time=0.20±0.00s

================================================================================
[2025-12-02 16:13:44] [80/28800] Testing configuration:
  k_target: 32
  coarsen_limit: 50
  balance_weight: 0.1
  num_reads: 150
================================================================================
[2025-12-02 16:13:45]   Trial 1/3: ✓ cut=33010.33, balance=0.2855, time=0.22s
[2025-12-02 16:13:45]   Trial 2/3: ✓ cut=32808.63, balance=0.0600, time=0.22s
[2025-12-02 16:13:45]   Trial 3/3: ✓ cut=32595.13, balance=0.0000, time=0.31s
[2025-12-02 16:13:45] 
  Running METIS baseline...
[2025-12-02 16:13:45]   METIS baseline: cut=15531.69, balance=0.0000, time=0.05s
[2025-12-02 16:13:45]   METIS weights: min=0.00, max=0.00, avg=0.00, std=0.00
[2025-12-02 16:13:45]   → Quantum vs METIS: cut improvement = -111.21%
[2025-12-02 16:13:45] 
  → Aggregate: cut=32804.70±169.53, balance=0.1152, time=0.25±0.04s

================================================================================
[2025-12-02 16:13:45] [81/28800] Testing configuration:
  k_target: 34
  coarsen_limit: 50
  balance_weight: 0.1
  num_reads: 150
================================================================================
[2025-12-02 16:13:45]   Trial 1/3: ✓ cut=32665.99, balance=0.0000, time=0.21s
[2025-12-02 16:13:46]   Trial 2/3: ✓ cut=32699.54, balance=0.0000, time=0.21s
[2025-12-02 16:13:46]   Trial 3/3: ✓ cut=32990.38, balance=0.0000, time=0.22s
[2025-12-02 16:13:46] 
  Running METIS baseline...
[2025-12-02 16:13:46]   METIS baseline: cut=15076.39, balance=0.0000, time=0.05s
[2025-12-02 16:13:46]   METIS weights: min=0.00, max=0.00, avg=0.00, std=0.00
[2025-12-02 16:13:46]   → Quantum vs METIS: cut improvement = -117.46%
[2025-12-02 16:13:46] 
  → Aggregate: cut=32785.30±145.66, balance=0.0000, time=0.21±0.01s

================================================================================
[2025-12-02 16:13:46] [82/28800] Testing configuration:
  k_target: 36
  coarsen_limit: 50
  balance_weight: 0.1
  num_reads: 150
================================================================================
[2025-12-02 16:13:46]   Trial 1/3: ✓ cut=33010.33, balance=0.0000, time=0.21s
[2025-12-02 16:13:46]   Trial 2/3: ✓ cut=32635.90, balance=0.0000, time=0.22s
[2025-12-02 16:13:47]   Trial 3/3: ✓ cut=32969.11, balance=0.0000, time=0.22s
[2025-12-02 16:13:47] 
  Running METIS baseline...
[2025-12-02 16:13:47]   METIS baseline: cut=17141.12, balance=0.0000, time=0.05s
[2025-12-02 16:13:47]   METIS weights: min=0.00, max=0.00, avg=0.00, std=0.00
[2025-12-02 16:13:47]   → Quantum vs METIS: cut improvement = -91.77%
[2025-12-02 16:13:47] 
  → Aggregate: cut=32871.78±167.64, balance=0.0000, time=0.21±0.00s

================================================================================
[2025-12-02 16:13:47] [83/28800] Testing configuration:
  k_target: 38
  coarsen_limit: 50
  balance_weight: 0.1
  num_reads: 150
================================================================================
[2025-12-02 16:13:47]   Trial 1/3: ✓ cut=32743.08, balance=0.0000, time=0.21s
[2025-12-02 16:13:47]   Trial 2/3: ✓ cut=32961.49, balance=0.0000, time=0.21s
[2025-12-02 16:13:47]   Trial 3/3: ✓ cut=32748.38, balance=0.0000, time=0.22s
[2025-12-02 16:13:47] 
  Running METIS baseline...
[2025-12-02 16:13:47]   METIS baseline: cut=17141.12, balance=0.0000, time=0.05s
[2025-12-02 16:13:47]   METIS weights: min=0.00, max=0.00, avg=0.00, std=0.00
[2025-12-02 16:13:47]   → Quantum vs METIS: cut improvement = -91.46%
[2025-12-02 16:13:47] 
  → Aggregate: cut=32817.65±101.73, balance=0.0000, time=0.21±0.00s

================================================================================
[2025-12-02 16:13:47] [84/28800] Testing configuration:
  k_target: 40
  coarsen_limit: 50
  balance_weight: 0.1
  num_reads: 150
================================================================================
[2025-12-02 16:13:48]   Trial 1/3: ✓ cut=32413.07, balance=0.0000, time=0.23s
[2025-12-02 16:13:48]   Trial 2/3: ✓ cut=32484.64, balance=0.0000, time=0.23s
[2025-12-02 16:13:48]   Trial 3/3: ✓ cut=32881.29, balance=0.0000, time=0.22s
[2025-12-02 16:13:48] 
  Running METIS baseline...
[2025-12-02 16:13:48]   METIS baseline: cut=6733.38, balance=0.0000, time=0.05s
[2025-12-02 16:13:48]   METIS weights: min=0.00, max=0.00, avg=0.00, std=0.00
[2025-12-02 16:13:48]   → Quantum vs METIS: cut improvement = -384.05%
[2025-12-02 16:13:48] 
  → Aggregate: cut=32593.00±205.93, balance=0.0000, time=0.22±0.00s

================================================================================
[2025-12-02 16:13:48] [85/28800] Testing configuration:
  k_target: 42
  coarsen_limit: 50
  balance_weight: 0.1
  num_reads: 150
================================================================================
[2025-12-02 16:13:48]   Trial 1/3: ✓ cut=32767.42, balance=0.0000, time=0.22s
[2025-12-02 16:13:49]   Trial 2/3: ✓ cut=33010.33, balance=0.0000, time=0.24s
[2025-12-02 16:13:49]   Trial 3/3: ✓ cut=32586.27, balance=0.0000, time=0.23s
[2025-12-02 16:13:49] 
  Running METIS baseline...
[2025-12-02 16:13:49]   METIS baseline: cut=6733.38, balance=0.0000, time=0.14s
[2025-12-02 16:13:49]   METIS weights: min=0.00, max=0.00, avg=0.00, std=0.00
[2025-12-02 16:13:49]   → Quantum vs METIS: cut improvement = -386.95%
[2025-12-02 16:13:49] 
  → Aggregate: cut=32788.00±173.73, balance=0.0000, time=0.23±0.01s

================================================================================
[2025-12-02 16:13:49] [86/28800] Testing configuration:
  k_target: 44
  coarsen_limit: 50
  balance_weight: 0.1
  num_reads: 150
================================================================================
[2025-12-02 16:13:49]   Trial 1/3: ✓ cut=32748.38, balance=0.0000, time=0.23s
[2025-12-02 16:13:50]   Trial 2/3: ✓ cut=32917.57, balance=0.0000, time=0.22s
[2025-12-02 16:13:50]   Trial 3/3: ✓ cut=32489.25, balance=0.0000, time=0.24s
[2025-12-02 16:13:50] 
  Running METIS baseline...
[2025-12-02 16:13:50]   METIS baseline: cut=6733.38, balance=0.0000, time=0.05s
[2025-12-02 16:13:50]   METIS weights: min=0.00, max=0.00, avg=0.00, std=0.00
[2025-12-02 16:13:50]   → Quantum vs METIS: cut improvement = -385.91%
[2025-12-02 16:13:50] 
  → Aggregate: cut=32718.40±176.14, balance=0.0000, time=0.23±0.01s

================================================================================
[2025-12-02 16:13:50] [87/28800] Testing configuration:
  k_target: 46
  coarsen_limit: 50
  balance_weight: 0.1
  num_reads: 150
================================================================================
[2025-12-02 16:13:50]   Trial 1/3: ✓ cut=32617.94, balance=0.0000, time=0.24s
[2025-12-02 16:13:50]   Trial 2/3: ✓ cut=32723.22, balance=0.0000, time=0.24s
[2025-12-02 16:13:51]   Trial 3/3: ✓ cut=32622.55, balance=0.0000, time=0.24s
[2025-12-02 16:13:51] 
  Running METIS baseline...
[2025-12-02 16:13:51]   METIS baseline: cut=6733.38, balance=0.0000, time=0.05s
[2025-12-02 16:13:51]   METIS weights: min=0.00, max=0.00, avg=0.00, std=0.00
[2025-12-02 16:13:51]   → Quantum vs METIS: cut improvement = -384.97%
[2025-12-02 16:13:51] 
  → Aggregate: cut=32654.57±48.58, balance=0.0000, time=0.24±0.00s

================================================================================
[2025-12-02 16:13:51] [88/28800] Testing configuration:
  k_target: 48
  coarsen_limit: 50
  balance_weight: 0.1
  num_reads: 150
================================================================================
[2025-12-02 16:13:51]   Trial 1/3: ✓ cut=33010.33, balance=0.0000, time=0.23s
[2025-12-02 16:13:51]   Trial 2/3: ✓ cut=32729.30, balance=0.0000, time=0.23s
[2025-12-02 16:13:51]   Trial 3/3: ✓ cut=32767.42, balance=0.0000, time=0.23s
[2025-12-02 16:13:51] 
  Running METIS baseline...
[2025-12-02 16:13:51]   METIS baseline: cut=6733.38, balance=0.0000, time=0.05s
[2025-12-02 16:13:51]   METIS weights: min=0.00, max=0.00, avg=0.00, std=0.00
[2025-12-02 16:13:51]   → Quantum vs METIS: cut improvement = -387.66%
[2025-12-02 16:13:51] 
  → Aggregate: cut=32835.68±124.47, balance=0.0000, time=0.23±0.00s

================================================================================
[2025-12-02 16:13:51] [89/28800] Testing configuration:
  k_target: 50
  coarsen_limit: 50
  balance_weight: 0.1
  num_reads: 150
================================================================================
[2025-12-02 16:13:52]   Trial 1/3: ✓ cut=32931.00, balance=0.0000, time=0.24s
[2025-12-02 16:13:52]   Trial 2/3: ✓ cut=32985.69, balance=0.0000, time=0.23s
[2025-12-02 16:13:52]   Trial 3/3: ✓ cut=32917.57, balance=0.0000, time=0.24s
[2025-12-02 16:13:52] 
  Running METIS baseline...
[2025-12-02 16:13:52]   METIS baseline: cut=6733.38, balance=0.0000, time=0.05s
[2025-12-02 16:13:52]   METIS weights: min=0.00, max=0.00, avg=0.00, std=0.00
[2025-12-02 16:13:52]   → Quantum vs METIS: cut improvement = -389.28%
[2025-12-02 16:13:52] 
  → Aggregate: cut=32944.75±29.46, balance=0.0000, time=0.24±0.00s

================================================================================
[2025-12-02 16:13:52] [90/28800] Testing configuration:
  k_target: 52
  coarsen_limit: 50
  balance_weight: 0.1
  num_reads: 150
================================================================================
[2025-12-02 16:13:52]   Trial 1/3: ✓ cut=32760.08, balance=0.0000, time=0.24s
[2025-12-02 16:13:53]   Trial 2/3: ✓ cut=32748.38, balance=0.0000, time=0.24s
[2025-12-02 16:13:53]   Trial 3/3: ✓ cut=32508.56, balance=0.0000, time=0.33s
[2025-12-02 16:13:53] 
  Running METIS baseline...
[2025-12-02 16:13:53]   METIS baseline: cut=0.00, balance=0.0000, time=0.05s
[2025-12-02 16:13:53]   METIS weights: min=0.00, max=0.00, avg=0.00, std=0.00
[2025-12-02 16:13:53]   → Quantum vs METIS: cut improvement = +0.00%
[2025-12-02 16:13:53] 
  → Aggregate: cut=32672.34±115.91, balance=0.0000, time=0.27±0.04s

================================================================================
[2025-12-02 16:13:53] [91/28800] Testing configuration:
  k_target: 54
  coarsen_limit: 50
  balance_weight: 0.1
  num_reads: 150
================================================================================
[2025-12-02 16:13:53]   Trial 1/3: ✓ cut=32748.38, balance=0.0000, time=0.25s
[2025-12-02 16:13:54]   Trial 2/3: ✓ cut=33010.33, balance=0.0000, time=0.25s
[2025-12-02 16:13:54]   Trial 3/3: ✓ cut=32985.69, balance=0.0000, time=0.25s
[2025-12-02 16:13:54] 
  Running METIS baseline...
[2025-12-02 16:13:54]   METIS baseline: cut=0.00, balance=0.0000, time=0.05s
[2025-12-02 16:13:54]   METIS weights: min=0.00, max=0.00, avg=0.00, std=0.00
[2025-12-02 16:13:54]   → Quantum vs METIS: cut improvement = +0.00%
[2025-12-02 16:13:54] 
  → Aggregate: cut=32914.80±118.11, balance=0.0000, time=0.25±0.00s

================================================================================
[2025-12-02 16:13:54] [92/28800] Testing configuration:
  k_target: 56
  coarsen_limit: 50
  balance_weight: 0.1
  num_reads: 150
================================================================================
[2025-12-02 16:13:54]   Trial 1/3: ✓ cut=32917.57, balance=0.0000, time=0.25s
[2025-12-02 16:13:54]   Trial 2/3: ✓ cut=32728.43, balance=0.0000, time=0.26s
[2025-12-02 16:13:55]   Trial 3/3: ✓ cut=32917.57, balance=0.0000, time=0.25s
[2025-12-02 16:13:55] 
  Running METIS baseline...
[2025-12-02 16:13:55]   METIS baseline: cut=0.00, balance=0.0000, time=0.05s
[2025-12-02 16:13:55]   METIS weights: min=0.00, max=0.00, avg=0.00, std=0.00
[2025-12-02 16:13:55]   → Quantum vs METIS: cut improvement = +0.00%
[2025-12-02 16:13:55] 
  → Aggregate: cut=32854.52±89.16, balance=0.0000, time=0.25±0.01s

================================================================================
[2025-12-02 16:13:55] [93/28800] Testing configuration:
  k_target: 58
  coarsen_limit: 50
  balance_weight: 0.1
  num_reads: 150
================================================================================
[2025-12-02 16:13:55]   Trial 1/3: ✓ cut=32964.51, balance=0.0000, time=0.26s
[2025-12-02 16:13:55]   Trial 2/3: ✓ cut=32990.38, balance=0.0000, time=0.25s
[2025-12-02 16:13:56]   Trial 3/3: ✓ cut=32969.11, balance=0.0000, time=0.25s
[2025-12-02 16:13:56] 
  Running METIS baseline...
[2025-12-02 16:13:56]   METIS baseline: cut=0.00, balance=0.0000, time=0.05s
[2025-12-02 16:13:56]   METIS weights: min=0.00, max=0.00, avg=0.00, std=0.00
[2025-12-02 16:13:56]   → Quantum vs METIS: cut improvement = +0.00%
[2025-12-02 16:13:56] 
  → Aggregate: cut=32974.67±11.27, balance=0.0000, time=0.25±0.01s

================================================================================
[2025-12-02 16:13:56] [94/28800] Testing configuration:
  k_target: 60
  coarsen_limit: 50
  balance_weight: 0.1
  num_reads: 150
================================================================================
[2025-12-02 16:13:56]   Trial 1/3: ✓ cut=32969.11, balance=0.0000, time=0.26s
[2025-12-02 16:13:56]   Trial 2/3: ✓ cut=32663.76, balance=0.0000, time=0.26s
[2025-12-02 16:13:56]   Trial 3/3: ✓ cut=32626.82, balance=0.0000, time=0.25s
[2025-12-02 16:13:56] 
  Running METIS baseline...
[2025-12-02 16:13:56]   METIS baseline: cut=0.00, balance=0.0000, time=0.05s
[2025-12-02 16:13:56]   METIS weights: min=0.00, max=0.00, avg=0.00, std=0.00
[2025-12-02 16:13:56]   → Quantum vs METIS: cut improvement = +0.00%
[2025-12-02 16:13:56] 
  → Aggregate: cut=32753.23±153.39, balance=0.0000, time=0.25±0.00s

================================================================================
[2025-12-02 16:13:56] [95/28800] Testing configuration:
  k_target: 62
  coarsen_limit: 50
  balance_weight: 0.1
  num_reads: 150
================================================================================
[2025-12-02 16:13:57]   Trial 1/3: ✓ cut=32670.26, balance=0.0000, time=0.33s
[2025-12-02 16:13:57]   Trial 2/3: ✓ cut=32696.14, balance=0.0000, time=0.26s
[2025-12-02 16:13:57]   Trial 3/3: ✓ cut=32908.50, balance=0.0000, time=0.26s
[2025-12-02 16:13:57] 
  Running METIS baseline...
[2025-12-02 16:13:57]   METIS baseline: cut=0.00, balance=0.0000, time=0.05s
[2025-12-02 16:13:57]   METIS weights: min=0.00, max=0.00, avg=0.00, std=0.00
[2025-12-02 16:13:57]   → Quantum vs METIS: cut improvement = +0.00%
[2025-12-02 16:13:57] 
  → Aggregate: cut=32758.30±106.73, balance=0.0000, time=0.28±0.03s

================================================================================
[2025-12-02 16:13:57] [96/28800] Testing configuration:
  k_target: 64
  coarsen_limit: 50
  balance_weight: 0.1
  num_reads: 150
================================================================================
[2025-12-02 16:13:58]   Trial 1/3: ✓ cut=32603.14, balance=0.0000, time=0.26s
[2025-12-02 16:13:58]   Trial 2/3: ✓ cut=32537.43, balance=0.0000, time=0.27s
[2025-12-02 16:13:58]   Trial 3/3: ✓ cut=32969.11, balance=0.0000, time=0.26s
[2025-12-02 16:13:58] 
  Running METIS baseline...
[2025-12-02 16:13:58]   METIS baseline: cut=0.00, balance=0.0000, time=0.05s
[2025-12-02 16:13:58]   METIS weights: min=0.00, max=0.00, avg=0.00, std=0.00
[2025-12-02 16:13:58]   → Quantum vs METIS: cut improvement = +0.00%
[2025-12-02 16:13:58] 
  → Aggregate: cut=32703.23±189.91, balance=0.0000, time=0.26±0.00s

================================================================================
[2025-12-02 16:13:58] [97/28800] Testing configuration:
  k_target: 2
  coarsen_limit: 50
  balance_weight: 0.1
  num_reads: 200
================================================================================
[2025-12-02 16:13:58]   Trial 1/3: ✓ cut=11626.58, balance=0.9899, time=0.10s
[2025-12-02 16:13:58]   Trial 2/3: ✓ cut=11003.03, balance=0.9987, time=0.10s
[2025-12-02 16:13:59]   Trial 3/3: ✓ cut=12304.11, balance=0.9979, time=0.11s
[2025-12-02 16:13:59] 
  Running METIS baseline...
[2025-12-02 16:13:59]   METIS baseline: cut=5515.36, balance=0.9572, time=0.05s
[2025-12-02 16:13:59]   METIS weights: min=16455.16, max=17190.71, avg=16822.93, std=367.77
[2025-12-02 16:13:59]   → Quantum vs METIS: cut improvement = -111.13%
[2025-12-02 16:13:59] 
  → Aggregate: cut=11644.57±531.32, balance=0.9955, time=0.10±0.00s

================================================================================
[2025-12-02 16:13:59] [98/28800] Testing configuration:
  k_target: 4
  coarsen_limit: 50
  balance_weight: 0.1
  num_reads: 200
================================================================================
[2025-12-02 16:13:59]   Trial 1/3: ✓ cut=16710.09, balance=0.9883, time=0.14s
[2025-12-02 16:13:59]   Trial 2/3: ✓ cut=19464.66, balance=0.9884, time=0.14s
[2025-12-02 16:13:59]   Trial 3/3: ✓ cut=15540.11, balance=0.9823, time=0.14s
[2025-12-02 16:13:59] 
  Running METIS baseline...
[2025-12-02 16:13:59]   METIS baseline: cut=10474.31, balance=0.8900, time=0.04s
[2025-12-02 16:13:59]   METIS weights: min=8037.00, max=9030.07, avg=8411.47, std=382.71
[2025-12-02 16:13:59]   → Quantum vs METIS: cut improvement = -64.58%
[2025-12-02 16:13:59] 
  → Aggregate: cut=17238.29±1645.15, balance=0.9864, time=0.14±0.00s

================================================================================
[2025-12-02 16:13:59] [99/28800] Testing configuration:
  k_target: 6
  coarsen_limit: 50
  balance_weight: 0.1
  num_reads: 200
================================================================================
[2025-12-02 16:13:59]   Trial 1/3: ✓ cut=19676.14, balance=0.4947, time=0.15s
[2025-12-02 16:13:59]   Trial 2/3: ✓ cut=20823.58, balance=0.4967, time=0.15s
[2025-12-02 16:14:00]   Trial 3/3: ✓ cut=21008.21, balance=0.4957, time=0.15s
[2025-12-02 16:14:00] 
  Running METIS baseline...
[2025-12-02 16:14:00]   METIS baseline: cut=14607.35, balance=0.6860, time=0.05s
[2025-12-02 16:14:00]   METIS weights: min=4941.39, max=7202.72, avg=5607.64, std=780.70
[2025-12-02 16:14:00]   → Quantum vs METIS: cut improvement = -40.36%
[2025-12-02 16:14:00] 
  → Aggregate: cut=20502.64±589.27, balance=0.4957, time=0.15±0.00s

================================================================================
[2025-12-02 16:14:00] [100/28800] Testing configuration:
  k_target: 8
  coarsen_limit: 50
  balance_weight: 0.1
  num_reads: 200
================================================================================
